============================= test session starts =============================
platform win32 -- Python 3.13.9, pytest-8.2.2, pluggy-1.5.0
rootdir: C:\Users\Surbhi\Open-source\opentelemetry-ecosystem-explorer
configfile: pyproject.toml
plugins: anyio-4.10.0, Faker-24.4.0, cov-5.0.0, django-4.8.0
collected 560 items

ecosystem-automation\collector-watcher\tests\test_collector_sync.py .... [  0%]
................                                                         [  3%]
ecosystem-automation\collector-watcher\tests\test_component_scanner.py . [  3%]
.............                                                            [  6%]
ecosystem-automation\collector-watcher\tests\test_deprecation_detector.py . [  6%]
.....                                                                    [  7%]
ecosystem-automation\collector-watcher\tests\test_inventory.py ......... [  8%]
..............                                                           [ 11%]
ecosystem-automation\collector-watcher\tests\test_metadata_parser.py ... [ 11%]
...............................                                          [ 17%]
ecosystem-automation\collector-watcher\tests\test_repository_manager.py . [ 17%]
...................                                                      [ 20%]
ecosystem-automation\collector-watcher\tests\test_schema_copier.py ..... [ 21%]
.........                                                                [ 23%]
ecosystem-automation\collector-watcher\tests\test_version_detector.py .. [ 23%]
..........                                                               [ 25%]
ecosystem-automation\configuration-watcher\tests\test_configuration_sync.py . [ 25%]
........                                                                 [ 27%]
ecosystem-automation\configuration-watcher\tests\test_inventory.py EEEEE [ 28%]
EEEEEEEEEEEEEEEEEE                                                       [ 31%]
ecosystem-automation\configuration-watcher\tests\test_repository_manager.py . [ 31%]
EE..EEEEEEEEEEEEEEE                                                      [ 34%]
ecosystem-automation\configuration-watcher\tests\test_schema_copier.py E [ 35%]
EEEEEEEEEEEEE                                                            [ 37%]
ecosystem-automation\configuration-watcher\tests\test_version_detector.py E [ 37%]
.EEEEEEEEEE                                                              [ 39%]
ecosystem-automation\explorer-db-builder\tests\test_collector_builder.py . [ 39%]
.............                                                            [ 41%]
ecosystem-automation\explorer-db-builder\tests\test_collector_database_writer.py . [ 42%]
...................                                                      [ 45%]
ecosystem-automation\explorer-db-builder\tests\test_collector_transformer.py . [ 45%]
.............                                                            [ 48%]
ecosystem-automation\explorer-db-builder\tests\test_configuration_builder.py . [ 48%]
......                                                                   [ 49%]
ecosystem-automation\explorer-db-builder\tests\test_content_hashing.py . [ 49%]
.....................                                                    [ 53%]
ecosystem-automation\explorer-db-builder\tests\test_database_writer.py . [ 53%]
....................................                                     [ 59%]
ecosystem-automation\explorer-db-builder\tests\test_instrumentation_transformer.py . [ 60%]
.........                                                                [ 61%]
ecosystem-automation\explorer-db-builder\tests\test_main.py ............ [ 63%]
...................                                                      [ 67%]
ecosystem-automation\explorer-db-builder\tests\test_metadata_backfiller.py . [ 67%]
.........                                                                [ 68%]
ecosystem-automation\explorer-db-builder\tests\test_schema_resolver.py . [ 69%]
..................                                                       [ 72%]
ecosystem-automation\explorer-db-builder\tests\test_schema_ui_mapper.py . [ 72%]
.............................................                            [ 80%]
ecosystem-automation\java-instrumentation-watcher\tests\test_instrumentation_parser.py . [ 80%]
........................                                                 [ 85%]
ecosystem-automation\java-instrumentation-watcher\tests\test_instrumentation_sync.py . [ 85%]
................                                                         [ 88%]
ecosystem-automation\java-instrumentation-watcher\tests\test_inventory_manager.py . [ 88%]
.......................                                                  [ 92%]
ecosystem-automation\java-instrumentation-watcher\tests\test_java_instrumentation_client.py . [ 92%]
...............                                                          [ 95%]
ecosystem-automation\java-instrumentation-watcher\tests\test_readme_extractor.py . [ 95%]
....                                                                     [ 96%]
ecosystem-automation\watcher-common\tests\test_content_hashing.py ...... [ 97%]
................                                                         [100%]

=================================== ERRORS ====================================
_______________ ERROR at setup of test_save_versioned_inventory _______________
file C:\Users\Surbhi\Open-source\opentelemetry-ecosystem-explorer\ecosystem-automation\collector-watcher\tests\test_inventory.py, line 62
  def test_save_versioned_inventory(temp_inventory_dir, sample_components, sample_version):
E       fixture 'temp_inventory_dir' not found
>       available fixtures: _dj_autoclear_mailbox, _django_clear_site_cache, _django_db_helper, _django_db_marker, _django_set_urlconf, _django_setup_unittest, _fail_for_invalid_template_variable, _live_server_helper, _session_faker, _template_string_if_invalid_marker, admin_client, admin_user, anyio_backend, anyio_backend_name, anyio_backend_options, async_client, async_rf, cache, capfd, capfdbinary, caplog, capsys, capsysbinary, client, cov, db, django_assert_max_num_queries, django_assert_num_queries, django_capture_on_commit_callbacks, django_db_blocker, django_db_createdb, django_db_keepdb, django_db_modify_db_settings, django_db_modify_db_settings_parallel_suffix, django_db_modify_db_settings_tox_suffix, django_db_modify_db_settings_xdist_suffix, django_db_reset_sequences, django_db_serialized_rollback, django_db_setup, django_db_use_migrations, django_mail_dnsname, django_mail_patch_dns, django_test_environment, django_user_model, django_username_field, doctest_namespace, faker, free_tcp_port, free_tcp_port_factory, free_udp_port, free_udp_port_factory, live_server, mailoutbox, monkeypatch, no_cover, pytestconfig, record_property, record_testsuite_property, record_xml_attribute, recwarn, rf, settings, tmp_path, tmp_path_factory, tmpdir, tmpdir_factory, transactional_db
>       use 'pytest --fixtures [testpath]' for help on them.

C:\Users\Surbhi\Open-source\opentelemetry-ecosystem-explorer\ecosystem-automation\collector-watcher\tests\test_inventory.py:62
____ ERROR at setup of test_save_versioned_inventory_includes_schema_hash _____
file C:\Users\Surbhi\Open-source\opentelemetry-ecosystem-explorer\ecosystem-automation\collector-watcher\tests\test_inventory.py, line 87
  def test_save_versioned_inventory_includes_schema_hash(temp_inventory_dir, sample_components, sample_version):
E       fixture 'temp_inventory_dir' not found
>       available fixtures: _dj_autoclear_mailbox, _django_clear_site_cache, _django_db_helper, _django_db_marker, _django_set_urlconf, _django_setup_unittest, _fail_for_invalid_template_variable, _live_server_helper, _session_faker, _template_string_if_invalid_marker, admin_client, admin_user, anyio_backend, anyio_backend_name, anyio_backend_options, async_client, async_rf, cache, capfd, capfdbinary, caplog, capsys, capsysbinary, client, cov, db, django_assert_max_num_queries, django_assert_num_queries, django_capture_on_commit_callbacks, django_db_blocker, django_db_createdb, django_db_keepdb, django_db_modify_db_settings, django_db_modify_db_settings_parallel_suffix, django_db_modify_db_settings_tox_suffix, django_db_modify_db_settings_xdist_suffix, django_db_reset_sequences, django_db_serialized_rollback, django_db_setup, django_db_use_migrations, django_mail_dnsname, django_mail_patch_dns, django_test_environment, django_user_model, django_username_field, doctest_namespace, faker, free_tcp_port, free_tcp_port_factory, free_udp_port, free_udp_port_factory, live_server, mailoutbox, monkeypatch, no_cover, pytestconfig, record_property, record_testsuite_property, record_xml_attribute, recwarn, rf, settings, tmp_path, tmp_path_factory, tmpdir, tmpdir_factory, transactional_db
>       use 'pytest --fixtures [testpath]' for help on them.

C:\Users\Surbhi\Open-source\opentelemetry-ecosystem-explorer\ecosystem-automation\collector-watcher\tests\test_inventory.py:87
_____ ERROR at setup of test_save_versioned_inventory_default_schema_hash _____
file C:\Users\Surbhi\Open-source\opentelemetry-ecosystem-explorer\ecosystem-automation\collector-watcher\tests\test_inventory.py, line 104
  def test_save_versioned_inventory_default_schema_hash(temp_inventory_dir, sample_components, sample_version):
E       fixture 'temp_inventory_dir' not found
>       available fixtures: _dj_autoclear_mailbox, _django_clear_site_cache, _django_db_helper, _django_db_marker, _django_set_urlconf, _django_setup_unittest, _fail_for_invalid_template_variable, _live_server_helper, _session_faker, _template_string_if_invalid_marker, admin_client, admin_user, anyio_backend, anyio_backend_name, anyio_backend_options, async_client, async_rf, cache, capfd, capfdbinary, caplog, capsys, capsysbinary, client, cov, db, django_assert_max_num_queries, django_assert_num_queries, django_capture_on_commit_callbacks, django_db_blocker, django_db_createdb, django_db_keepdb, django_db_modify_db_settings, django_db_modify_db_settings_parallel_suffix, django_db_modify_db_settings_tox_suffix, django_db_modify_db_settings_xdist_suffix, django_db_reset_sequences, django_db_serialized_rollback, django_db_setup, django_db_use_migrations, django_mail_dnsname, django_mail_patch_dns, django_test_environment, django_user_model, django_username_field, doctest_namespace, faker, free_tcp_port, free_tcp_port_factory, free_udp_port, free_udp_port_factory, live_server, mailoutbox, monkeypatch, no_cover, pytestconfig, record_property, record_testsuite_property, record_xml_attribute, recwarn, rf, settings, tmp_path, tmp_path_factory, tmpdir, tmpdir_factory, transactional_db
>       use 'pytest --fixtures [testpath]' for help on them.

C:\Users\Surbhi\Open-source\opentelemetry-ecosystem-explorer\ecosystem-automation\collector-watcher\tests\test_inventory.py:104
_______________ ERROR at setup of test_load_versioned_inventory _______________
file C:\Users\Surbhi\Open-source\opentelemetry-ecosystem-explorer\ecosystem-automation\collector-watcher\tests\test_inventory.py, line 120
  def test_load_versioned_inventory(temp_inventory_dir, sample_components, sample_version):
E       fixture 'temp_inventory_dir' not found
>       available fixtures: _dj_autoclear_mailbox, _django_clear_site_cache, _django_db_helper, _django_db_marker, _django_set_urlconf, _django_setup_unittest, _fail_for_invalid_template_variable, _live_server_helper, _session_faker, _template_string_if_invalid_marker, admin_client, admin_user, anyio_backend, anyio_backend_name, anyio_backend_options, async_client, async_rf, cache, capfd, capfdbinary, caplog, capsys, capsysbinary, client, cov, db, django_assert_max_num_queries, django_assert_num_queries, django_capture_on_commit_callbacks, django_db_blocker, django_db_createdb, django_db_keepdb, django_db_modify_db_settings, django_db_modify_db_settings_parallel_suffix, django_db_modify_db_settings_tox_suffix, django_db_modify_db_settings_xdist_suffix, django_db_reset_sequences, django_db_serialized_rollback, django_db_setup, django_db_use_migrations, django_mail_dnsname, django_mail_patch_dns, django_test_environment, django_user_model, django_username_field, doctest_namespace, faker, free_tcp_port, free_tcp_port_factory, free_udp_port, free_udp_port_factory, live_server, mailoutbox, monkeypatch, no_cover, pytestconfig, record_property, record_testsuite_property, record_xml_attribute, recwarn, rf, settings, tmp_path, tmp_path_factory, tmpdir, tmpdir_factory, transactional_db
>       use 'pytest --fixtures [testpath]' for help on them.

C:\Users\Surbhi\Open-source\opentelemetry-ecosystem-explorer\ecosystem-automation\collector-watcher\tests\test_inventory.py:120
_ ERROR at setup of test_load_versioned_inventory_backward_compat_missing_schema_hash _
file C:\Users\Surbhi\Open-source\opentelemetry-ecosystem-explorer\ecosystem-automation\collector-watcher\tests\test_inventory.py, line 140
  def test_load_versioned_inventory_backward_compat_missing_schema_hash(
E       fixture 'temp_inventory_dir' not found
>       available fixtures: _dj_autoclear_mailbox, _django_clear_site_cache, _django_db_helper, _django_db_marker, _django_set_urlconf, _django_setup_unittest, _fail_for_invalid_template_variable, _live_server_helper, _session_faker, _template_string_if_invalid_marker, admin_client, admin_user, anyio_backend, anyio_backend_name, anyio_backend_options, async_client, async_rf, cache, capfd, capfdbinary, caplog, capsys, capsysbinary, client, cov, db, django_assert_max_num_queries, django_assert_num_queries, django_capture_on_commit_callbacks, django_db_blocker, django_db_createdb, django_db_keepdb, django_db_modify_db_settings, django_db_modify_db_settings_parallel_suffix, django_db_modify_db_settings_tox_suffix, django_db_modify_db_settings_xdist_suffix, django_db_reset_sequences, django_db_serialized_rollback, django_db_setup, django_db_use_migrations, django_mail_dnsname, django_mail_patch_dns, django_test_environment, django_user_model, django_username_field, doctest_namespace, faker, free_tcp_port, free_tcp_port_factory, free_udp_port, free_udp_port_factory, live_server, mailoutbox, monkeypatch, no_cover, pytestconfig, record_property, record_testsuite_property, record_xml_attribute, recwarn, rf, settings, tmp_path, tmp_path_factory, tmpdir, tmpdir_factory, transactional_db
>       use 'pytest --fixtures [testpath]' for help on them.

C:\Users\Surbhi\Open-source\opentelemetry-ecosystem-explorer\ecosystem-automation\collector-watcher\tests\test_inventory.py:140
_________ ERROR at setup of test_load_nonexistent_versioned_inventory _________
file C:\Users\Surbhi\Open-source\opentelemetry-ecosystem-explorer\ecosystem-automation\collector-watcher\tests\test_inventory.py, line 168
  def test_load_nonexistent_versioned_inventory(temp_inventory_dir, sample_version):
E       fixture 'temp_inventory_dir' not found
>       available fixtures: _dj_autoclear_mailbox, _django_clear_site_cache, _django_db_helper, _django_db_marker, _django_set_urlconf, _django_setup_unittest, _fail_for_invalid_template_variable, _live_server_helper, _session_faker, _template_string_if_invalid_marker, admin_client, admin_user, anyio_backend, anyio_backend_name, anyio_backend_options, async_client, async_rf, cache, capfd, capfdbinary, caplog, capsys, capsysbinary, client, cov, db, django_assert_max_num_queries, django_assert_num_queries, django_capture_on_commit_callbacks, django_db_blocker, django_db_createdb, django_db_keepdb, django_db_modify_db_settings, django_db_modify_db_settings_parallel_suffix, django_db_modify_db_settings_tox_suffix, django_db_modify_db_settings_xdist_suffix, django_db_reset_sequences, django_db_serialized_rollback, django_db_setup, django_db_use_migrations, django_mail_dnsname, django_mail_patch_dns, django_test_environment, django_user_model, django_username_field, doctest_namespace, faker, free_tcp_port, free_tcp_port_factory, free_udp_port, free_udp_port_factory, live_server, mailoutbox, monkeypatch, no_cover, pytestconfig, record_property, record_testsuite_property, record_xml_attribute, recwarn, rf, settings, tmp_path, tmp_path_factory, tmpdir, tmpdir_factory, transactional_db
>       use 'pytest --fixtures [testpath]' for help on them.

C:\Users\Surbhi\Open-source\opentelemetry-ecosystem-explorer\ecosystem-automation\collector-watcher\tests\test_inventory.py:168
_______________ ERROR at setup of test_meta_schemas_dir_helper ________________
file C:\Users\Surbhi\Open-source\opentelemetry-ecosystem-explorer\ecosystem-automation\collector-watcher\tests\test_inventory.py, line 179
  def test_meta_schemas_dir_helper(temp_inventory_dir):
E       fixture 'temp_inventory_dir' not found
>       available fixtures: _dj_autoclear_mailbox, _django_clear_site_cache, _django_db_helper, _django_db_marker, _django_set_urlconf, _django_setup_unittest, _fail_for_invalid_template_variable, _live_server_helper, _session_faker, _template_string_if_invalid_marker, admin_client, admin_user, anyio_backend, anyio_backend_name, anyio_backend_options, async_client, async_rf, cache, capfd, capfdbinary, caplog, capsys, capsysbinary, client, cov, db, django_assert_max_num_queries, django_assert_num_queries, django_capture_on_commit_callbacks, django_db_blocker, django_db_createdb, django_db_keepdb, django_db_modify_db_settings, django_db_modify_db_settings_parallel_suffix, django_db_modify_db_settings_tox_suffix, django_db_modify_db_settings_xdist_suffix, django_db_reset_sequences, django_db_serialized_rollback, django_db_setup, django_db_use_migrations, django_mail_dnsname, django_mail_patch_dns, django_test_environment, django_user_model, django_username_field, doctest_namespace, faker, free_tcp_port, free_tcp_port_factory, free_udp_port, free_udp_port_factory, live_server, mailoutbox, monkeypatch, no_cover, pytestconfig, record_property, record_testsuite_property, record_xml_attribute, recwarn, rf, settings, tmp_path, tmp_path_factory, tmpdir, tmpdir_factory, transactional_db
>       use 'pytest --fixtures [testpath]' for help on them.

C:\Users\Surbhi\Open-source\opentelemetry-ecosystem-explorer\ecosystem-automation\collector-watcher\tests\test_inventory.py:179
___ ERROR at setup of test_prune_orphan_schemas_removes_unreferenced_files ____
file C:\Users\Surbhi\Open-source\opentelemetry-ecosystem-explorer\ecosystem-automation\collector-watcher\tests\test_inventory.py, line 185
  def test_prune_orphan_schemas_removes_unreferenced_files(temp_inventory_dir, sample_components, sample_version):
E       fixture 'temp_inventory_dir' not found
>       available fixtures: _dj_autoclear_mailbox, _django_clear_site_cache, _django_db_helper, _django_db_marker, _django_set_urlconf, _django_setup_unittest, _fail_for_invalid_template_variable, _live_server_helper, _session_faker, _template_string_if_invalid_marker, admin_client, admin_user, anyio_backend, anyio_backend_name, anyio_backend_options, async_client, async_rf, cache, capfd, capfdbinary, caplog, capsys, capsysbinary, client, cov, db, django_assert_max_num_queries, django_assert_num_queries, django_capture_on_commit_callbacks, django_db_blocker, django_db_createdb, django_db_keepdb, django_db_modify_db_settings, django_db_modify_db_settings_parallel_suffix, django_db_modify_db_settings_tox_suffix, django_db_modify_db_settings_xdist_suffix, django_db_reset_sequences, django_db_serialized_rollback, django_db_setup, django_db_use_migrations, django_mail_dnsname, django_mail_patch_dns, django_test_environment, django_user_model, django_username_field, doctest_namespace, faker, free_tcp_port, free_tcp_port_factory, free_udp_port, free_udp_port_factory, live_server, mailoutbox, monkeypatch, no_cover, pytestconfig, record_property, record_testsuite_property, record_xml_attribute, recwarn, rf, settings, tmp_path, tmp_path_factory, tmpdir, tmpdir_factory, transactional_db
>       use 'pytest --fixtures [testpath]' for help on them.

C:\Users\Surbhi\Open-source\opentelemetry-ecosystem-explorer\ecosystem-automation\collector-watcher\tests\test_inventory.py:185
____ ERROR at setup of test_prune_orphan_schemas_noop_when_meta_dir_absent ____
file C:\Users\Surbhi\Open-source\opentelemetry-ecosystem-explorer\ecosystem-automation\collector-watcher\tests\test_inventory.py, line 211
  def test_prune_orphan_schemas_noop_when_meta_dir_absent(temp_inventory_dir):
E       fixture 'temp_inventory_dir' not found
>       available fixtures: _dj_autoclear_mailbox, _django_clear_site_cache, _django_db_helper, _django_db_marker, _django_set_urlconf, _django_setup_unittest, _fail_for_invalid_template_variable, _live_server_helper, _session_faker, _template_string_if_invalid_marker, admin_client, admin_user, anyio_backend, anyio_backend_name, anyio_backend_options, async_client, async_rf, cache, capfd, capfdbinary, caplog, capsys, capsysbinary, client, cov, db, django_assert_max_num_queries, django_assert_num_queries, django_capture_on_commit_callbacks, django_db_blocker, django_db_createdb, django_db_keepdb, django_db_modify_db_settings, django_db_modify_db_settings_parallel_suffix, django_db_modify_db_settings_tox_suffix, django_db_modify_db_settings_xdist_suffix, django_db_reset_sequences, django_db_serialized_rollback, django_db_setup, django_db_use_migrations, django_mail_dnsname, django_mail_patch_dns, django_test_environment, django_user_model, django_username_field, doctest_namespace, faker, free_tcp_port, free_tcp_port_factory, free_udp_port, free_udp_port_factory, live_server, mailoutbox, monkeypatch, no_cover, pytestconfig, record_property, record_testsuite_property, record_xml_attribute, recwarn, rf, settings, tmp_path, tmp_path_factory, tmpdir, tmpdir_factory, transactional_db
>       use 'pytest --fixtures [testpath]' for help on them.

C:\Users\Surbhi\Open-source\opentelemetry-ecosystem-explorer\ecosystem-automation\collector-watcher\tests\test_inventory.py:211
_ ERROR at setup of test_prune_orphan_schemas_treats_unknown_as_unreferenced __
file C:\Users\Surbhi\Open-source\opentelemetry-ecosystem-explorer\ecosystem-automation\collector-watcher\tests\test_inventory.py, line 216
  def test_prune_orphan_schemas_treats_unknown_as_unreferenced(temp_inventory_dir, sample_components, sample_version):
E       fixture 'temp_inventory_dir' not found
>       available fixtures: _dj_autoclear_mailbox, _django_clear_site_cache, _django_db_helper, _django_db_marker, _django_set_urlconf, _django_setup_unittest, _fail_for_invalid_template_variable, _live_server_helper, _session_faker, _template_string_if_invalid_marker, admin_client, admin_user, anyio_backend, anyio_backend_name, anyio_backend_options, async_client, async_rf, cache, capfd, capfdbinary, caplog, capsys, capsysbinary, client, cov, db, django_assert_max_num_queries, django_assert_num_queries, django_capture_on_commit_callbacks, django_db_blocker, django_db_createdb, django_db_keepdb, django_db_modify_db_settings, django_db_modify_db_settings_parallel_suffix, django_db_modify_db_settings_tox_suffix, django_db_modify_db_settings_xdist_suffix, django_db_reset_sequences, django_db_serialized_rollback, django_db_setup, django_db_use_migrations, django_mail_dnsname, django_mail_patch_dns, django_test_environment, django_user_model, django_username_field, doctest_namespace, faker, free_tcp_port, free_tcp_port_factory, free_udp_port, free_udp_port_factory, live_server, mailoutbox, monkeypatch, no_cover, pytestconfig, record_property, record_testsuite_property, record_xml_attribute, recwarn, rf, settings, tmp_path, tmp_path_factory, tmpdir, tmpdir_factory, transactional_db
>       use 'pytest --fixtures [testpath]' for help on them.

C:\Users\Surbhi\Open-source\opentelemetry-ecosystem-explorer\ecosystem-automation\collector-watcher\tests\test_inventory.py:216
_________ ERROR at setup of test_delete_version_prunes_orphan_schemas _________
file C:\Users\Surbhi\Open-source\opentelemetry-ecosystem-explorer\ecosystem-automation\collector-watcher\tests\test_inventory.py, line 238
  def test_delete_version_prunes_orphan_schemas(temp_inventory_dir, sample_components, sample_version):
E       fixture 'temp_inventory_dir' not found
>       available fixtures: _dj_autoclear_mailbox, _django_clear_site_cache, _django_db_helper, _django_db_marker, _django_set_urlconf, _django_setup_unittest, _fail_for_invalid_template_variable, _live_server_helper, _session_faker, _template_string_if_invalid_marker, admin_client, admin_user, anyio_backend, anyio_backend_name, anyio_backend_options, async_client, async_rf, cache, capfd, capfdbinary, caplog, capsys, capsysbinary, client, cov, db, django_assert_max_num_queries, django_assert_num_queries, django_capture_on_commit_callbacks, django_db_blocker, django_db_createdb, django_db_keepdb, django_db_modify_db_settings, django_db_modify_db_settings_parallel_suffix, django_db_modify_db_settings_tox_suffix, django_db_modify_db_settings_xdist_suffix, django_db_reset_sequences, django_db_serialized_rollback, django_db_setup, django_db_use_migrations, django_mail_dnsname, django_mail_patch_dns, django_test_environment, django_user_model, django_username_field, doctest_namespace, faker, free_tcp_port, free_tcp_port_factory, free_udp_port, free_udp_port_factory, live_server, mailoutbox, monkeypatch, no_cover, pytestconfig, record_property, record_testsuite_property, record_xml_attribute, recwarn, rf, settings, tmp_path, tmp_path_factory, tmpdir, tmpdir_factory, transactional_db
>       use 'pytest --fixtures [testpath]' for help on them.

C:\Users\Surbhi\Open-source\opentelemetry-ecosystem-explorer\ecosystem-automation\collector-watcher\tests\test_inventory.py:238
_______ ERROR at setup of test_cleanup_snapshots_prunes_orphan_schemas ________
file C:\Users\Surbhi\Open-source\opentelemetry-ecosystem-explorer\ecosystem-automation\collector-watcher\tests\test_inventory.py, line 259
  def test_cleanup_snapshots_prunes_orphan_schemas(temp_inventory_dir, sample_components):
E       fixture 'temp_inventory_dir' not found
>       available fixtures: _dj_autoclear_mailbox, _django_clear_site_cache, _django_db_helper, _django_db_marker, _django_set_urlconf, _django_setup_unittest, _fail_for_invalid_template_variable, _live_server_helper, _session_faker, _template_string_if_invalid_marker, admin_client, admin_user, anyio_backend, anyio_backend_name, anyio_backend_options, async_client, async_rf, cache, capfd, capfdbinary, caplog, capsys, capsysbinary, client, cov, db, django_assert_max_num_queries, django_assert_num_queries, django_capture_on_commit_callbacks, django_db_blocker, django_db_createdb, django_db_keepdb, django_db_modify_db_settings, django_db_modify_db_settings_parallel_suffix, django_db_modify_db_settings_tox_suffix, django_db_modify_db_settings_xdist_suffix, django_db_reset_sequences, django_db_serialized_rollback, django_db_setup, django_db_use_migrations, django_mail_dnsname, django_mail_patch_dns, django_test_environment, django_user_model, django_username_field, doctest_namespace, faker, free_tcp_port, free_tcp_port_factory, free_udp_port, free_udp_port_factory, live_server, mailoutbox, monkeypatch, no_cover, pytestconfig, record_property, record_testsuite_property, record_xml_attribute, recwarn, rf, settings, tmp_path, tmp_path_factory, tmpdir, tmpdir_factory, transactional_db
>       use 'pytest --fixtures [testpath]' for help on them.

C:\Users\Surbhi\Open-source\opentelemetry-ecosystem-explorer\ecosystem-automation\collector-watcher\tests\test_inventory.py:259
____________________ ERROR at setup of test_list_versions _____________________
file C:\Users\Surbhi\Open-source\opentelemetry-ecosystem-explorer\ecosystem-automation\collector-watcher\tests\test_inventory.py, line 281
  def test_list_versions(temp_inventory_dir, sample_components):
E       fixture 'temp_inventory_dir' not found
>       available fixtures: _dj_autoclear_mailbox, _django_clear_site_cache, _django_db_helper, _django_db_marker, _django_set_urlconf, _django_setup_unittest, _fail_for_invalid_template_variable, _live_server_helper, _session_faker, _template_string_if_invalid_marker, admin_client, admin_user, anyio_backend, anyio_backend_name, anyio_backend_options, async_client, async_rf, cache, capfd, capfdbinary, caplog, capsys, capsysbinary, client, cov, db, django_assert_max_num_queries, django_assert_num_queries, django_capture_on_commit_callbacks, django_db_blocker, django_db_createdb, django_db_keepdb, django_db_modify_db_settings, django_db_modify_db_settings_parallel_suffix, django_db_modify_db_settings_tox_suffix, django_db_modify_db_settings_xdist_suffix, django_db_reset_sequences, django_db_serialized_rollback, django_db_setup, django_db_use_migrations, django_mail_dnsname, django_mail_patch_dns, django_test_environment, django_user_model, django_username_field, doctest_namespace, faker, free_tcp_port, free_tcp_port_factory, free_udp_port, free_udp_port_factory, live_server, mailoutbox, monkeypatch, no_cover, pytestconfig, record_property, record_testsuite_property, record_xml_attribute, recwarn, rf, settings, tmp_path, tmp_path_factory, tmpdir, tmpdir_factory, transactional_db
>       use 'pytest --fixtures [testpath]' for help on them.

C:\Users\Surbhi\Open-source\opentelemetry-ecosystem-explorer\ecosystem-automation\collector-watcher\tests\test_inventory.py:281
________________ ERROR at setup of test_list_snapshot_versions ________________
file C:\Users\Surbhi\Open-source\opentelemetry-ecosystem-explorer\ecosystem-automation\collector-watcher\tests\test_inventory.py, line 305
  def test_list_snapshot_versions(temp_inventory_dir, sample_components):
E       fixture 'temp_inventory_dir' not found
>       available fixtures: _dj_autoclear_mailbox, _django_clear_site_cache, _django_db_helper, _django_db_marker, _django_set_urlconf, _django_setup_unittest, _fail_for_invalid_template_variable, _live_server_helper, _session_faker, _template_string_if_invalid_marker, admin_client, admin_user, anyio_backend, anyio_backend_name, anyio_backend_options, async_client, async_rf, cache, capfd, capfdbinary, caplog, capsys, capsysbinary, client, cov, db, django_assert_max_num_queries, django_assert_num_queries, django_capture_on_commit_callbacks, django_db_blocker, django_db_createdb, django_db_keepdb, django_db_modify_db_settings, django_db_modify_db_settings_parallel_suffix, django_db_modify_db_settings_tox_suffix, django_db_modify_db_settings_xdist_suffix, django_db_reset_sequences, django_db_serialized_rollback, django_db_setup, django_db_use_migrations, django_mail_dnsname, django_mail_patch_dns, django_test_environment, django_user_model, django_username_field, doctest_namespace, faker, free_tcp_port, free_tcp_port_factory, free_udp_port, free_udp_port_factory, live_server, mailoutbox, monkeypatch, no_cover, pytestconfig, record_property, record_testsuite_property, record_xml_attribute, recwarn, rf, settings, tmp_path, tmp_path_factory, tmpdir, tmpdir_factory, transactional_db
>       use 'pytest --fixtures [testpath]' for help on them.

C:\Users\Surbhi\Open-source\opentelemetry-ecosystem-explorer\ecosystem-automation\collector-watcher\tests\test_inventory.py:305
________________ ERROR at setup of test_list_release_versions _________________
file C:\Users\Surbhi\Open-source\opentelemetry-ecosystem-explorer\ecosystem-automation\collector-watcher\tests\test_inventory.py, line 328
  def test_list_release_versions(temp_inventory_dir, sample_components):
E       fixture 'temp_inventory_dir' not found
>       available fixtures: _dj_autoclear_mailbox, _django_clear_site_cache, _django_db_helper, _django_db_marker, _django_set_urlconf, _django_setup_unittest, _fail_for_invalid_template_variable, _live_server_helper, _session_faker, _template_string_if_invalid_marker, admin_client, admin_user, anyio_backend, anyio_backend_name, anyio_backend_options, async_client, async_rf, cache, capfd, capfdbinary, caplog, capsys, capsysbinary, client, cov, db, django_assert_max_num_queries, django_assert_num_queries, django_capture_on_commit_callbacks, django_db_blocker, django_db_createdb, django_db_keepdb, django_db_modify_db_settings, django_db_modify_db_settings_parallel_suffix, django_db_modify_db_settings_tox_suffix, django_db_modify_db_settings_xdist_suffix, django_db_reset_sequences, django_db_serialized_rollback, django_db_setup, django_db_use_migrations, django_mail_dnsname, django_mail_patch_dns, django_test_environment, django_user_model, django_username_field, doctest_namespace, faker, free_tcp_port, free_tcp_port_factory, free_udp_port, free_udp_port_factory, live_server, mailoutbox, monkeypatch, no_cover, pytestconfig, record_property, record_testsuite_property, record_xml_attribute, recwarn, rf, settings, tmp_path, tmp_path_factory, tmpdir, tmpdir_factory, transactional_db
>       use 'pytest --fixtures [testpath]' for help on them.

C:\Users\Surbhi\Open-source\opentelemetry-ecosystem-explorer\ecosystem-automation\collector-watcher\tests\test_inventory.py:328
__________________ ERROR at setup of test_cleanup_snapshots ___________________
file C:\Users\Surbhi\Open-source\opentelemetry-ecosystem-explorer\ecosystem-automation\collector-watcher\tests\test_inventory.py, line 355
  def test_cleanup_snapshots(temp_inventory_dir, sample_components):
E       fixture 'temp_inventory_dir' not found
>       available fixtures: _dj_autoclear_mailbox, _django_clear_site_cache, _django_db_helper, _django_db_marker, _django_set_urlconf, _django_setup_unittest, _fail_for_invalid_template_variable, _live_server_helper, _session_faker, _template_string_if_invalid_marker, admin_client, admin_user, anyio_backend, anyio_backend_name, anyio_backend_options, async_client, async_rf, cache, capfd, capfdbinary, caplog, capsys, capsysbinary, client, cov, db, django_assert_max_num_queries, django_assert_num_queries, django_capture_on_commit_callbacks, django_db_blocker, django_db_createdb, django_db_keepdb, django_db_modify_db_settings, django_db_modify_db_settings_parallel_suffix, django_db_modify_db_settings_tox_suffix, django_db_modify_db_settings_xdist_suffix, django_db_reset_sequences, django_db_serialized_rollback, django_db_setup, django_db_use_migrations, django_mail_dnsname, django_mail_patch_dns, django_test_environment, django_user_model, django_username_field, doctest_namespace, faker, free_tcp_port, free_tcp_port_factory, free_udp_port, free_udp_port_factory, live_server, mailoutbox, monkeypatch, no_cover, pytestconfig, record_property, record_testsuite_property, record_xml_attribute, recwarn, rf, settings, tmp_path, tmp_path_factory, tmpdir, tmpdir_factory, transactional_db
>       use 'pytest --fixtures [testpath]' for help on them.

C:\Users\Surbhi\Open-source\opentelemetry-ecosystem-explorer\ecosystem-automation\collector-watcher\tests\test_inventory.py:355
____________________ ERROR at setup of test_version_exists ____________________
file C:\Users\Surbhi\Open-source\opentelemetry-ecosystem-explorer\ecosystem-automation\collector-watcher\tests\test_inventory.py, line 384
  def test_version_exists(temp_inventory_dir, sample_components, sample_version):
E       fixture 'temp_inventory_dir' not found
>       available fixtures: _dj_autoclear_mailbox, _django_clear_site_cache, _django_db_helper, _django_db_marker, _django_set_urlconf, _django_setup_unittest, _fail_for_invalid_template_variable, _live_server_helper, _session_faker, _template_string_if_invalid_marker, admin_client, admin_user, anyio_backend, anyio_backend_name, anyio_backend_options, async_client, async_rf, cache, capfd, capfdbinary, caplog, capsys, capsysbinary, client, cov, db, django_assert_max_num_queries, django_assert_num_queries, django_capture_on_commit_callbacks, django_db_blocker, django_db_createdb, django_db_keepdb, django_db_modify_db_settings, django_db_modify_db_settings_parallel_suffix, django_db_modify_db_settings_tox_suffix, django_db_modify_db_settings_xdist_suffix, django_db_reset_sequences, django_db_serialized_rollback, django_db_setup, django_db_use_migrations, django_mail_dnsname, django_mail_patch_dns, django_test_environment, django_user_model, django_username_field, doctest_namespace, faker, free_tcp_port, free_tcp_port_factory, free_udp_port, free_udp_port_factory, live_server, mailoutbox, monkeypatch, no_cover, pytestconfig, record_property, record_testsuite_property, record_xml_attribute, recwarn, rf, settings, tmp_path, tmp_path_factory, tmpdir, tmpdir_factory, transactional_db
>       use 'pytest --fixtures [testpath]' for help on them.

C:\Users\Surbhi\Open-source\opentelemetry-ecosystem-explorer\ecosystem-automation\collector-watcher\tests\test_inventory.py:384
_ ERROR at setup of test_versioned_inventory_separate_distributions_stored_separately _
file C:\Users\Surbhi\Open-source\opentelemetry-ecosystem-explorer\ecosystem-automation\collector-watcher\tests\test_inventory.py, line 399
  def test_versioned_inventory_separate_distributions_stored_separately(
E       fixture 'temp_inventory_dir' not found
>       available fixtures: _dj_autoclear_mailbox, _django_clear_site_cache, _django_db_helper, _django_db_marker, _django_set_urlconf, _django_setup_unittest, _fail_for_invalid_template_variable, _live_server_helper, _session_faker, _template_string_if_invalid_marker, admin_client, admin_user, anyio_backend, anyio_backend_name, anyio_backend_options, async_client, async_rf, cache, capfd, capfdbinary, caplog, capsys, capsysbinary, client, cov, db, django_assert_max_num_queries, django_assert_num_queries, django_capture_on_commit_callbacks, django_db_blocker, django_db_createdb, django_db_keepdb, django_db_modify_db_settings, django_db_modify_db_settings_parallel_suffix, django_db_modify_db_settings_tox_suffix, django_db_modify_db_settings_xdist_suffix, django_db_reset_sequences, django_db_serialized_rollback, django_db_setup, django_db_use_migrations, django_mail_dnsname, django_mail_patch_dns, django_test_environment, django_user_model, django_username_field, doctest_namespace, faker, free_tcp_port, free_tcp_port_factory, free_udp_port, free_udp_port_factory, live_server, mailoutbox, monkeypatch, no_cover, pytestconfig, record_property, record_testsuite_property, record_xml_attribute, recwarn, rf, settings, tmp_path, tmp_path_factory, tmpdir, tmpdir_factory, transactional_db
>       use 'pytest --fixtures [testpath]' for help on them.

C:\Users\Surbhi\Open-source\opentelemetry-ecosystem-explorer\ecosystem-automation\collector-watcher\tests\test_inventory.py:399
____________ ERROR at setup of test_load_deprecations_nonexistent _____________
file C:\Users\Surbhi\Open-source\opentelemetry-ecosystem-explorer\ecosystem-automation\collector-watcher\tests\test_inventory.py, line 432
  def test_load_deprecations_nonexistent(temp_inventory_dir):
E       fixture 'temp_inventory_dir' not found
>       available fixtures: _dj_autoclear_mailbox, _django_clear_site_cache, _django_db_helper, _django_db_marker, _django_set_urlconf, _django_setup_unittest, _fail_for_invalid_template_variable, _live_server_helper, _session_faker, _template_string_if_invalid_marker, admin_client, admin_user, anyio_backend, anyio_backend_name, anyio_backend_options, async_client, async_rf, cache, capfd, capfdbinary, caplog, capsys, capsysbinary, client, cov, db, django_assert_max_num_queries, django_assert_num_queries, django_capture_on_commit_callbacks, django_db_blocker, django_db_createdb, django_db_keepdb, django_db_modify_db_settings, django_db_modify_db_settings_parallel_suffix, django_db_modify_db_settings_tox_suffix, django_db_modify_db_settings_xdist_suffix, django_db_reset_sequences, django_db_serialized_rollback, django_db_setup, django_db_use_migrations, django_mail_dnsname, django_mail_patch_dns, django_test_environment, django_user_model, django_username_field, doctest_namespace, faker, free_tcp_port, free_tcp_port_factory, free_udp_port, free_udp_port_factory, live_server, mailoutbox, monkeypatch, no_cover, pytestconfig, record_property, record_testsuite_property, record_xml_attribute, recwarn, rf, settings, tmp_path, tmp_path_factory, tmpdir, tmpdir_factory, transactional_db
>       use 'pytest --fixtures [testpath]' for help on them.

C:\Users\Surbhi\Open-source\opentelemetry-ecosystem-explorer\ecosystem-automation\collector-watcher\tests\test_inventory.py:432
______________ ERROR at setup of test_save_and_load_deprecations ______________
file C:\Users\Surbhi\Open-source\opentelemetry-ecosystem-explorer\ecosystem-automation\collector-watcher\tests\test_inventory.py, line 445
  def test_save_and_load_deprecations(temp_inventory_dir):
E       fixture 'temp_inventory_dir' not found
>       available fixtures: _dj_autoclear_mailbox, _django_clear_site_cache, _django_db_helper, _django_db_marker, _django_set_urlconf, _django_setup_unittest, _fail_for_invalid_template_variable, _live_server_helper, _session_faker, _template_string_if_invalid_marker, admin_client, admin_user, anyio_backend, anyio_backend_name, anyio_backend_options, async_client, async_rf, cache, capfd, capfdbinary, caplog, capsys, capsysbinary, client, cov, db, django_assert_max_num_queries, django_assert_num_queries, django_capture_on_commit_callbacks, django_db_blocker, django_db_createdb, django_db_keepdb, django_db_modify_db_settings, django_db_modify_db_settings_parallel_suffix, django_db_modify_db_settings_tox_suffix, django_db_modify_db_settings_xdist_suffix, django_db_reset_sequences, django_db_serialized_rollback, django_db_setup, django_db_use_migrations, django_mail_dnsname, django_mail_patch_dns, django_test_environment, django_user_model, django_username_field, doctest_namespace, faker, free_tcp_port, free_tcp_port_factory, free_udp_port, free_udp_port_factory, live_server, mailoutbox, monkeypatch, no_cover, pytestconfig, record_property, record_testsuite_property, record_xml_attribute, recwarn, rf, settings, tmp_path, tmp_path_factory, tmpdir, tmpdir_factory, transactional_db
>       use 'pytest --fixtures [testpath]' for help on them.

C:\Users\Surbhi\Open-source\opentelemetry-ecosystem-explorer\ecosystem-automation\collector-watcher\tests\test_inventory.py:445
______________ ERROR at setup of test_add_deprecated_components _______________
file C:\Users\Surbhi\Open-source\opentelemetry-ecosystem-explorer\ecosystem-automation\collector-watcher\tests\test_inventory.py, line 485
  def test_add_deprecated_components(temp_inventory_dir):
E       fixture 'temp_inventory_dir' not found
>       available fixtures: _dj_autoclear_mailbox, _django_clear_site_cache, _django_db_helper, _django_db_marker, _django_set_urlconf, _django_setup_unittest, _fail_for_invalid_template_variable, _live_server_helper, _session_faker, _template_string_if_invalid_marker, admin_client, admin_user, anyio_backend, anyio_backend_name, anyio_backend_options, async_client, async_rf, cache, capfd, capfdbinary, caplog, capsys, capsysbinary, client, cov, db, django_assert_max_num_queries, django_assert_num_queries, django_capture_on_commit_callbacks, django_db_blocker, django_db_createdb, django_db_keepdb, django_db_modify_db_settings, django_db_modify_db_settings_parallel_suffix, django_db_modify_db_settings_tox_suffix, django_db_modify_db_settings_xdist_suffix, django_db_reset_sequences, django_db_serialized_rollback, django_db_setup, django_db_use_migrations, django_mail_dnsname, django_mail_patch_dns, django_test_environment, django_user_model, django_username_field, doctest_namespace, faker, free_tcp_port, free_tcp_port_factory, free_udp_port, free_udp_port_factory, live_server, mailoutbox, monkeypatch, no_cover, pytestconfig, record_property, record_testsuite_property, record_xml_attribute, recwarn, rf, settings, tmp_path, tmp_path_factory, tmpdir, tmpdir_factory, transactional_db
>       use 'pytest --fixtures [testpath]' for help on them.

C:\Users\Surbhi\Open-source\opentelemetry-ecosystem-explorer\ecosystem-automation\collector-watcher\tests\test_inventory.py:485
______ ERROR at setup of test_add_deprecated_components_avoid_duplicates ______
file C:\Users\Surbhi\Open-source\opentelemetry-ecosystem-explorer\ecosystem-automation\collector-watcher\tests\test_inventory.py, line 513
  def test_add_deprecated_components_avoid_duplicates(temp_inventory_dir):
E       fixture 'temp_inventory_dir' not found
>       available fixtures: _dj_autoclear_mailbox, _django_clear_site_cache, _django_db_helper, _django_db_marker, _django_set_urlconf, _django_setup_unittest, _fail_for_invalid_template_variable, _live_server_helper, _session_faker, _template_string_if_invalid_marker, admin_client, admin_user, anyio_backend, anyio_backend_name, anyio_backend_options, async_client, async_rf, cache, capfd, capfdbinary, caplog, capsys, capsysbinary, client, cov, db, django_assert_max_num_queries, django_assert_num_queries, django_capture_on_commit_callbacks, django_db_blocker, django_db_createdb, django_db_keepdb, django_db_modify_db_settings, django_db_modify_db_settings_parallel_suffix, django_db_modify_db_settings_tox_suffix, django_db_modify_db_settings_xdist_suffix, django_db_reset_sequences, django_db_serialized_rollback, django_db_setup, django_db_use_migrations, django_mail_dnsname, django_mail_patch_dns, django_test_environment, django_user_model, django_username_field, doctest_namespace, faker, free_tcp_port, free_tcp_port_factory, free_udp_port, free_udp_port_factory, live_server, mailoutbox, monkeypatch, no_cover, pytestconfig, record_property, record_testsuite_property, record_xml_attribute, recwarn, rf, settings, tmp_path, tmp_path_factory, tmpdir, tmpdir_factory, transactional_db
>       use 'pytest --fixtures [testpath]' for help on them.

C:\Users\Surbhi\Open-source\opentelemetry-ecosystem-explorer\ecosystem-automation\collector-watcher\tests\test_inventory.py:513
___ ERROR at setup of test_add_deprecated_components_multiple_distributions ___
file C:\Users\Surbhi\Open-source\opentelemetry-ecosystem-explorer\ecosystem-automation\collector-watcher\tests\test_inventory.py, line 564
  def test_add_deprecated_components_multiple_distributions(temp_inventory_dir):
E       fixture 'temp_inventory_dir' not found
>       available fixtures: _dj_autoclear_mailbox, _django_clear_site_cache, _django_db_helper, _django_db_marker, _django_set_urlconf, _django_setup_unittest, _fail_for_invalid_template_variable, _live_server_helper, _session_faker, _template_string_if_invalid_marker, admin_client, admin_user, anyio_backend, anyio_backend_name, anyio_backend_options, async_client, async_rf, cache, capfd, capfdbinary, caplog, capsys, capsysbinary, client, cov, db, django_assert_max_num_queries, django_assert_num_queries, django_capture_on_commit_callbacks, django_db_blocker, django_db_createdb, django_db_keepdb, django_db_modify_db_settings, django_db_modify_db_settings_parallel_suffix, django_db_modify_db_settings_tox_suffix, django_db_modify_db_settings_xdist_suffix, django_db_reset_sequences, django_db_serialized_rollback, django_db_setup, django_db_use_migrations, django_mail_dnsname, django_mail_patch_dns, django_test_environment, django_user_model, django_username_field, doctest_namespace, faker, free_tcp_port, free_tcp_port_factory, free_udp_port, free_udp_port_factory, live_server, mailoutbox, monkeypatch, no_cover, pytestconfig, record_property, record_testsuite_property, record_xml_attribute, recwarn, rf, settings, tmp_path, tmp_path_factory, tmpdir, tmpdir_factory, transactional_db
>       use 'pytest --fixtures [testpath]' for help on them.

C:\Users\Surbhi\Open-source\opentelemetry-ecosystem-explorer\ecosystem-automation\collector-watcher\tests\test_inventory.py:564
______ ERROR at setup of TestRepositoryManager.test_init_custom_base_dir ______
file C:\Users\Surbhi\Open-source\opentelemetry-ecosystem-explorer\ecosystem-automation\collector-watcher\tests\test_repository_manager.py, line 89
      def test_init_custom_base_dir(self, temp_dir):
E       fixture 'temp_dir' not found
>       available fixtures: _dj_autoclear_mailbox, _django_clear_site_cache, _django_db_helper, _django_db_marker, _django_set_urlconf, _django_setup_unittest, _fail_for_invalid_template_variable, _live_server_helper, _session_faker, _template_string_if_invalid_marker, admin_client, admin_user, anyio_backend, anyio_backend_name, anyio_backend_options, async_client, async_rf, cache, capfd, capfdbinary, caplog, capsys, capsysbinary, client, cov, db, django_assert_max_num_queries, django_assert_num_queries, django_capture_on_commit_callbacks, django_db_blocker, django_db_createdb, django_db_keepdb, django_db_modify_db_settings, django_db_modify_db_settings_parallel_suffix, django_db_modify_db_settings_tox_suffix, django_db_modify_db_settings_xdist_suffix, django_db_reset_sequences, django_db_serialized_rollback, django_db_setup, django_db_use_migrations, django_mail_dnsname, django_mail_patch_dns, django_test_environment, django_user_model, django_username_field, doctest_namespace, faker, free_tcp_port, free_tcp_port_factory, free_udp_port, free_udp_port_factory, live_server, mailoutbox, monkeypatch, no_cover, pytestconfig, record_property, record_testsuite_property, record_xml_attribute, recwarn, rf, settings, tmp_path, tmp_path_factory, tmpdir, tmpdir_factory, transactional_db
>       use 'pytest --fixtures [testpath]' for help on them.

C:\Users\Surbhi\Open-source\opentelemetry-ecosystem-explorer\ecosystem-automation\collector-watcher\tests\test_repository_manager.py:89
_ ERROR at setup of TestRepositoryManager.test_get_repository_path_from_env_var _
file C:\Users\Surbhi\Open-source\opentelemetry-ecosystem-explorer\ecosystem-automation\collector-watcher\tests\test_repository_manager.py, line 93
      def test_get_repository_path_from_env_var(self, mock_repo, monkeypatch):
E       fixture 'mock_repo' not found
>       available fixtures: _dj_autoclear_mailbox, _django_clear_site_cache, _django_db_helper, _django_db_marker, _django_set_urlconf, _django_setup_unittest, _fail_for_invalid_template_variable, _live_server_helper, _session_faker, _template_string_if_invalid_marker, admin_client, admin_user, anyio_backend, anyio_backend_name, anyio_backend_options, async_client, async_rf, cache, capfd, capfdbinary, caplog, capsys, capsysbinary, client, cov, db, django_assert_max_num_queries, django_assert_num_queries, django_capture_on_commit_callbacks, django_db_blocker, django_db_createdb, django_db_keepdb, django_db_modify_db_settings, django_db_modify_db_settings_parallel_suffix, django_db_modify_db_settings_tox_suffix, django_db_modify_db_settings_xdist_suffix, django_db_reset_sequences, django_db_serialized_rollback, django_db_setup, django_db_use_migrations, django_mail_dnsname, django_mail_patch_dns, django_test_environment, django_user_model, django_username_field, doctest_namespace, faker, free_tcp_port, free_tcp_port_factory, free_udp_port, free_udp_port_factory, live_server, mailoutbox, monkeypatch, no_cover, pytestconfig, record_property, record_testsuite_property, record_xml_attribute, recwarn, rf, settings, tmp_path, tmp_path_factory, tmpdir, tmpdir_factory, transactional_db
>       use 'pytest --fixtures [testpath]' for help on them.

C:\Users\Surbhi\Open-source\opentelemetry-ecosystem-explorer\ecosystem-automation\collector-watcher\tests\test_repository_manager.py:93
________ ERROR at setup of TestRepositoryManager.test_clone_repository ________
file C:\Users\Surbhi\Open-source\opentelemetry-ecosystem-explorer\ecosystem-automation\collector-watcher\tests\test_repository_manager.py, line 117
      @patch("watcher_common.repository_manager.subprocess.run")
      def test_clone_repository(self, mock_run, temp_dir):
E       fixture 'temp_dir' not found
>       available fixtures: _dj_autoclear_mailbox, _django_clear_site_cache, _django_db_helper, _django_db_marker, _django_set_urlconf, _django_setup_unittest, _fail_for_invalid_template_variable, _live_server_helper, _session_faker, _template_string_if_invalid_marker, admin_client, admin_user, anyio_backend, anyio_backend_name, anyio_backend_options, async_client, async_rf, cache, capfd, capfdbinary, caplog, capsys, capsysbinary, client, cov, db, django_assert_max_num_queries, django_assert_num_queries, django_capture_on_commit_callbacks, django_db_blocker, django_db_createdb, django_db_keepdb, django_db_modify_db_settings, django_db_modify_db_settings_parallel_suffix, django_db_modify_db_settings_tox_suffix, django_db_modify_db_settings_xdist_suffix, django_db_reset_sequences, django_db_serialized_rollback, django_db_setup, django_db_use_migrations, django_mail_dnsname, django_mail_patch_dns, django_test_environment, django_user_model, django_username_field, doctest_namespace, faker, free_tcp_port, free_tcp_port_factory, free_udp_port, free_udp_port_factory, live_server, mailoutbox, monkeypatch, no_cover, pytestconfig, record_property, record_testsuite_property, record_xml_attribute, recwarn, rf, settings, tmp_path, tmp_path_factory, tmpdir, tmpdir_factory, transactional_db
>       use 'pytest --fixtures [testpath]' for help on them.

C:\Users\Surbhi\Open-source\opentelemetry-ecosystem-explorer\ecosystem-automation\collector-watcher\tests\test_repository_manager.py:117
_ ERROR at setup of TestRepositoryManager.test_clone_repository_failure_raises_runtime_error _
file C:\Users\Surbhi\Open-source\opentelemetry-ecosystem-explorer\ecosystem-automation\collector-watcher\tests\test_repository_manager.py, line 133
      @patch("watcher_common.repository_manager.subprocess.run")
      def test_clone_repository_failure_raises_runtime_error(self, mock_run, temp_dir):
E       fixture 'temp_dir' not found
>       available fixtures: _dj_autoclear_mailbox, _django_clear_site_cache, _django_db_helper, _django_db_marker, _django_set_urlconf, _django_setup_unittest, _fail_for_invalid_template_variable, _live_server_helper, _session_faker, _template_string_if_invalid_marker, admin_client, admin_user, anyio_backend, anyio_backend_name, anyio_backend_options, async_client, async_rf, cache, capfd, capfdbinary, caplog, capsys, capsysbinary, client, cov, db, django_assert_max_num_queries, django_assert_num_queries, django_capture_on_commit_callbacks, django_db_blocker, django_db_createdb, django_db_keepdb, django_db_modify_db_settings, django_db_modify_db_settings_parallel_suffix, django_db_modify_db_settings_tox_suffix, django_db_modify_db_settings_xdist_suffix, django_db_reset_sequences, django_db_serialized_rollback, django_db_setup, django_db_use_migrations, django_mail_dnsname, django_mail_patch_dns, django_test_environment, django_user_model, django_username_field, doctest_namespace, faker, free_tcp_port, free_tcp_port_factory, free_udp_port, free_udp_port_factory, live_server, mailoutbox, monkeypatch, no_cover, pytestconfig, record_property, record_testsuite_property, record_xml_attribute, recwarn, rf, settings, tmp_path, tmp_path_factory, tmpdir, tmpdir_factory, transactional_db
>       use 'pytest --fixtures [testpath]' for help on them.

C:\Users\Surbhi\Open-source\opentelemetry-ecosystem-explorer\ecosystem-automation\collector-watcher\tests\test_repository_manager.py:133
__________ ERROR at setup of TestRepositoryManager.test_pull_latest ___________
file C:\Users\Surbhi\Open-source\opentelemetry-ecosystem-explorer\ecosystem-automation\collector-watcher\tests\test_repository_manager.py, line 143
      @patch("watcher_common.repository_manager.subprocess.run")
      def test_pull_latest(self, mock_run, temp_dir):
E       fixture 'temp_dir' not found
>       available fixtures: _dj_autoclear_mailbox, _django_clear_site_cache, _django_db_helper, _django_db_marker, _django_set_urlconf, _django_setup_unittest, _fail_for_invalid_template_variable, _live_server_helper, _session_faker, _template_string_if_invalid_marker, admin_client, admin_user, anyio_backend, anyio_backend_name, anyio_backend_options, async_client, async_rf, cache, capfd, capfdbinary, caplog, capsys, capsysbinary, client, cov, db, django_assert_max_num_queries, django_assert_num_queries, django_capture_on_commit_callbacks, django_db_blocker, django_db_createdb, django_db_keepdb, django_db_modify_db_settings, django_db_modify_db_settings_parallel_suffix, django_db_modify_db_settings_tox_suffix, django_db_modify_db_settings_xdist_suffix, django_db_reset_sequences, django_db_serialized_rollback, django_db_setup, django_db_use_migrations, django_mail_dnsname, django_mail_patch_dns, django_test_environment, django_user_model, django_username_field, doctest_namespace, faker, free_tcp_port, free_tcp_port_factory, free_udp_port, free_udp_port_factory, live_server, mailoutbox, monkeypatch, no_cover, pytestconfig, record_property, record_testsuite_property, record_xml_attribute, recwarn, rf, settings, tmp_path, tmp_path_factory, tmpdir, tmpdir_factory, transactional_db
>       use 'pytest --fixtures [testpath]' for help on them.

C:\Users\Surbhi\Open-source\opentelemetry-ecosystem-explorer\ecosystem-automation\collector-watcher\tests\test_repository_manager.py:143
_ ERROR at setup of TestRepositoryManager.test_pull_latest_failure_raises_runtime_error _
file C:\Users\Surbhi\Open-source\opentelemetry-ecosystem-explorer\ecosystem-automation\collector-watcher\tests\test_repository_manager.py, line 154
      @patch("watcher_common.repository_manager.subprocess.run")
      def test_pull_latest_failure_raises_runtime_error(self, mock_run, temp_dir):
E       fixture 'temp_dir' not found
>       available fixtures: _dj_autoclear_mailbox, _django_clear_site_cache, _django_db_helper, _django_db_marker, _django_set_urlconf, _django_setup_unittest, _fail_for_invalid_template_variable, _live_server_helper, _session_faker, _template_string_if_invalid_marker, admin_client, admin_user, anyio_backend, anyio_backend_name, anyio_backend_options, async_client, async_rf, cache, capfd, capfdbinary, caplog, capsys, capsysbinary, client, cov, db, django_assert_max_num_queries, django_assert_num_queries, django_capture_on_commit_callbacks, django_db_blocker, django_db_createdb, django_db_keepdb, django_db_modify_db_settings, django_db_modify_db_settings_parallel_suffix, django_db_modify_db_settings_tox_suffix, django_db_modify_db_settings_xdist_suffix, django_db_reset_sequences, django_db_serialized_rollback, django_db_setup, django_db_use_migrations, django_mail_dnsname, django_mail_patch_dns, django_test_environment, django_user_model, django_username_field, doctest_namespace, faker, free_tcp_port, free_tcp_port_factory, free_udp_port, free_udp_port_factory, live_server, mailoutbox, monkeypatch, no_cover, pytestconfig, record_property, record_testsuite_property, record_xml_attribute, recwarn, rf, settings, tmp_path, tmp_path_factory, tmpdir, tmpdir_factory, transactional_db
>       use 'pytest --fixtures [testpath]' for help on them.

C:\Users\Surbhi\Open-source\opentelemetry-ecosystem-explorer\ecosystem-automation\collector-watcher\tests\test_repository_manager.py:154
___ ERROR at setup of TestRepositoryManager.test_checkout_specified_version ___
file C:\Users\Surbhi\Open-source\opentelemetry-ecosystem-explorer\ecosystem-automation\collector-watcher\tests\test_repository_manager.py, line 162
      @patch("watcher_common.repository_manager.subprocess.run")
      def test_checkout_specified_version(self, mock_run, temp_dir):
E       fixture 'temp_dir' not found
>       available fixtures: _dj_autoclear_mailbox, _django_clear_site_cache, _django_db_helper, _django_db_marker, _django_set_urlconf, _django_setup_unittest, _fail_for_invalid_template_variable, _live_server_helper, _session_faker, _template_string_if_invalid_marker, admin_client, admin_user, anyio_backend, anyio_backend_name, anyio_backend_options, async_client, async_rf, cache, capfd, capfdbinary, caplog, capsys, capsysbinary, client, cov, db, django_assert_max_num_queries, django_assert_num_queries, django_capture_on_commit_callbacks, django_db_blocker, django_db_createdb, django_db_keepdb, django_db_modify_db_settings, django_db_modify_db_settings_parallel_suffix, django_db_modify_db_settings_tox_suffix, django_db_modify_db_settings_xdist_suffix, django_db_reset_sequences, django_db_serialized_rollback, django_db_setup, django_db_use_migrations, django_mail_dnsname, django_mail_patch_dns, django_test_environment, django_user_model, django_username_field, doctest_namespace, faker, free_tcp_port, free_tcp_port_factory, free_udp_port, free_udp_port_factory, live_server, mailoutbox, monkeypatch, no_cover, pytestconfig, record_property, record_testsuite_property, record_xml_attribute, recwarn, rf, settings, tmp_path, tmp_path_factory, tmpdir, tmpdir_factory, transactional_db
>       use 'pytest --fixtures [testpath]' for help on them.

C:\Users\Surbhi\Open-source\opentelemetry-ecosystem-explorer\ecosystem-automation\collector-watcher\tests\test_repository_manager.py:162
_ ERROR at setup of TestRepositoryManager.test_checkout_version_failure_raises_runtime_error _
file C:\Users\Surbhi\Open-source\opentelemetry-ecosystem-explorer\ecosystem-automation\collector-watcher\tests\test_repository_manager.py, line 174
      @patch("watcher_common.repository_manager.subprocess.run")
      def test_checkout_version_failure_raises_runtime_error(self, mock_run, temp_dir):
E       fixture 'temp_dir' not found
>       available fixtures: _dj_autoclear_mailbox, _django_clear_site_cache, _django_db_helper, _django_db_marker, _django_set_urlconf, _django_setup_unittest, _fail_for_invalid_template_variable, _live_server_helper, _session_faker, _template_string_if_invalid_marker, admin_client, admin_user, anyio_backend, anyio_backend_name, anyio_backend_options, async_client, async_rf, cache, capfd, capfdbinary, caplog, capsys, capsysbinary, client, cov, db, django_assert_max_num_queries, django_assert_num_queries, django_capture_on_commit_callbacks, django_db_blocker, django_db_createdb, django_db_keepdb, django_db_modify_db_settings, django_db_modify_db_settings_parallel_suffix, django_db_modify_db_settings_tox_suffix, django_db_modify_db_settings_xdist_suffix, django_db_reset_sequences, django_db_serialized_rollback, django_db_setup, django_db_use_migrations, django_mail_dnsname, django_mail_patch_dns, django_test_environment, django_user_model, django_username_field, doctest_namespace, faker, free_tcp_port, free_tcp_port_factory, free_udp_port, free_udp_port_factory, live_server, mailoutbox, monkeypatch, no_cover, pytestconfig, record_property, record_testsuite_property, record_xml_attribute, recwarn, rf, settings, tmp_path, tmp_path_factory, tmpdir, tmpdir_factory, transactional_db
>       use 'pytest --fixtures [testpath]' for help on them.

C:\Users\Surbhi\Open-source\opentelemetry-ecosystem-explorer\ecosystem-automation\collector-watcher\tests\test_repository_manager.py:174
_ ERROR at setup of TestRepositoryManager.test_setup_repository_with_env_var_when_present _
file C:\Users\Surbhi\Open-source\opentelemetry-ecosystem-explorer\ecosystem-automation\collector-watcher\tests\test_repository_manager.py, line 183
      def test_setup_repository_with_env_var_when_present(self, mock_repo, monkeypatch):
E       fixture 'mock_repo' not found
>       available fixtures: _dj_autoclear_mailbox, _django_clear_site_cache, _django_db_helper, _django_db_marker, _django_set_urlconf, _django_setup_unittest, _fail_for_invalid_template_variable, _live_server_helper, _session_faker, _template_string_if_invalid_marker, admin_client, admin_user, anyio_backend, anyio_backend_name, anyio_backend_options, async_client, async_rf, cache, capfd, capfdbinary, caplog, capsys, capsysbinary, client, cov, db, django_assert_max_num_queries, django_assert_num_queries, django_capture_on_commit_callbacks, django_db_blocker, django_db_createdb, django_db_keepdb, django_db_modify_db_settings, django_db_modify_db_settings_parallel_suffix, django_db_modify_db_settings_tox_suffix, django_db_modify_db_settings_xdist_suffix, django_db_reset_sequences, django_db_serialized_rollback, django_db_setup, django_db_use_migrations, django_mail_dnsname, django_mail_patch_dns, django_test_environment, django_user_model, django_username_field, doctest_namespace, faker, free_tcp_port, free_tcp_port_factory, free_udp_port, free_udp_port_factory, live_server, mailoutbox, monkeypatch, no_cover, pytestconfig, record_property, record_testsuite_property, record_xml_attribute, recwarn, rf, settings, tmp_path, tmp_path_factory, tmpdir, tmpdir_factory, transactional_db
>       use 'pytest --fixtures [testpath]' for help on them.

C:\Users\Surbhi\Open-source\opentelemetry-ecosystem-explorer\ecosystem-automation\collector-watcher\tests\test_repository_manager.py:183
_ ERROR at setup of TestRepositoryManager.test_setup_repository_with_env_var_and_version _
file C:\Users\Surbhi\Open-source\opentelemetry-ecosystem-explorer\ecosystem-automation\collector-watcher\tests\test_repository_manager.py, line 191
      @patch("watcher_common.repository_manager.subprocess.run")
      def test_setup_repository_with_env_var_and_version(self, mock_run, mock_repo, monkeypatch):
E       fixture 'mock_repo' not found
>       available fixtures: _dj_autoclear_mailbox, _django_clear_site_cache, _django_db_helper, _django_db_marker, _django_set_urlconf, _django_setup_unittest, _fail_for_invalid_template_variable, _live_server_helper, _session_faker, _template_string_if_invalid_marker, admin_client, admin_user, anyio_backend, anyio_backend_name, anyio_backend_options, async_client, async_rf, cache, capfd, capfdbinary, caplog, capsys, capsysbinary, client, cov, db, django_assert_max_num_queries, django_assert_num_queries, django_capture_on_commit_callbacks, django_db_blocker, django_db_createdb, django_db_keepdb, django_db_modify_db_settings, django_db_modify_db_settings_parallel_suffix, django_db_modify_db_settings_tox_suffix, django_db_modify_db_settings_xdist_suffix, django_db_reset_sequences, django_db_serialized_rollback, django_db_setup, django_db_use_migrations, django_mail_dnsname, django_mail_patch_dns, django_test_environment, django_user_model, django_username_field, doctest_namespace, faker, free_tcp_port, free_tcp_port_factory, free_udp_port, free_udp_port_factory, live_server, mailoutbox, monkeypatch, no_cover, pytestconfig, record_property, record_testsuite_property, record_xml_attribute, recwarn, rf, settings, tmp_path, tmp_path_factory, tmpdir, tmpdir_factory, transactional_db
>       use 'pytest --fixtures [testpath]' for help on them.

C:\Users\Surbhi\Open-source\opentelemetry-ecosystem-explorer\ecosystem-automation\collector-watcher\tests\test_repository_manager.py:191
_ ERROR at setup of TestRepositoryManager.test_setup_repository_clones_when_not_exists _
file C:\Users\Surbhi\Open-source\opentelemetry-ecosystem-explorer\ecosystem-automation\collector-watcher\tests\test_repository_manager.py, line 204
      @patch("watcher_common.repository_manager.subprocess.run")
      def test_setup_repository_clones_when_not_exists(self, mock_run, temp_dir):
E       fixture 'temp_dir' not found
>       available fixtures: _dj_autoclear_mailbox, _django_clear_site_cache, _django_db_helper, _django_db_marker, _django_set_urlconf, _django_setup_unittest, _fail_for_invalid_template_variable, _live_server_helper, _session_faker, _template_string_if_invalid_marker, admin_client, admin_user, anyio_backend, anyio_backend_name, anyio_backend_options, async_client, async_rf, cache, capfd, capfdbinary, caplog, capsys, capsysbinary, client, cov, db, django_assert_max_num_queries, django_assert_num_queries, django_capture_on_commit_callbacks, django_db_blocker, django_db_createdb, django_db_keepdb, django_db_modify_db_settings, django_db_modify_db_settings_parallel_suffix, django_db_modify_db_settings_tox_suffix, django_db_modify_db_settings_xdist_suffix, django_db_reset_sequences, django_db_serialized_rollback, django_db_setup, django_db_use_migrations, django_mail_dnsname, django_mail_patch_dns, django_test_environment, django_user_model, django_username_field, doctest_namespace, faker, free_tcp_port, free_tcp_port_factory, free_udp_port, free_udp_port_factory, live_server, mailoutbox, monkeypatch, no_cover, pytestconfig, record_property, record_testsuite_property, record_xml_attribute, recwarn, rf, settings, tmp_path, tmp_path_factory, tmpdir, tmpdir_factory, transactional_db
>       use 'pytest --fixtures [testpath]' for help on them.

C:\Users\Surbhi\Open-source\opentelemetry-ecosystem-explorer\ecosystem-automation\collector-watcher\tests\test_repository_manager.py:204
_ ERROR at setup of TestRepositoryManager.test_setup_repository_pulls_when_exists _
file C:\Users\Surbhi\Open-source\opentelemetry-ecosystem-explorer\ecosystem-automation\collector-watcher\tests\test_repository_manager.py, line 218
      @patch("watcher_common.repository_manager.subprocess.run")
      def test_setup_repository_pulls_when_exists(self, mock_run, temp_dir):
E       fixture 'temp_dir' not found
>       available fixtures: _dj_autoclear_mailbox, _django_clear_site_cache, _django_db_helper, _django_db_marker, _django_set_urlconf, _django_setup_unittest, _fail_for_invalid_template_variable, _live_server_helper, _session_faker, _template_string_if_invalid_marker, admin_client, admin_user, anyio_backend, anyio_backend_name, anyio_backend_options, async_client, async_rf, cache, capfd, capfdbinary, caplog, capsys, capsysbinary, client, cov, db, django_assert_max_num_queries, django_assert_num_queries, django_capture_on_commit_callbacks, django_db_blocker, django_db_createdb, django_db_keepdb, django_db_modify_db_settings, django_db_modify_db_settings_parallel_suffix, django_db_modify_db_settings_tox_suffix, django_db_modify_db_settings_xdist_suffix, django_db_reset_sequences, django_db_serialized_rollback, django_db_setup, django_db_use_migrations, django_mail_dnsname, django_mail_patch_dns, django_test_environment, django_user_model, django_username_field, doctest_namespace, faker, free_tcp_port, free_tcp_port_factory, free_udp_port, free_udp_port_factory, live_server, mailoutbox, monkeypatch, no_cover, pytestconfig, record_property, record_testsuite_property, record_xml_attribute, recwarn, rf, settings, tmp_path, tmp_path_factory, tmpdir, tmpdir_factory, transactional_db
>       use 'pytest --fixtures [testpath]' for help on them.

C:\Users\Surbhi\Open-source\opentelemetry-ecosystem-explorer\ecosystem-automation\collector-watcher\tests\test_repository_manager.py:218
_ ERROR at setup of TestRepositoryManager.test_setup_repository_no_update_when_exists _
file C:\Users\Surbhi\Open-source\opentelemetry-ecosystem-explorer\ecosystem-automation\collector-watcher\tests\test_repository_manager.py, line 233
      @patch("watcher_common.repository_manager.subprocess.run")
      def test_setup_repository_no_update_when_exists(self, mock_run, temp_dir):
E       fixture 'temp_dir' not found
>       available fixtures: _dj_autoclear_mailbox, _django_clear_site_cache, _django_db_helper, _django_db_marker, _django_set_urlconf, _django_setup_unittest, _fail_for_invalid_template_variable, _live_server_helper, _session_faker, _template_string_if_invalid_marker, admin_client, admin_user, anyio_backend, anyio_backend_name, anyio_backend_options, async_client, async_rf, cache, capfd, capfdbinary, caplog, capsys, capsysbinary, client, cov, db, django_assert_max_num_queries, django_assert_num_queries, django_capture_on_commit_callbacks, django_db_blocker, django_db_createdb, django_db_keepdb, django_db_modify_db_settings, django_db_modify_db_settings_parallel_suffix, django_db_modify_db_settings_tox_suffix, django_db_modify_db_settings_xdist_suffix, django_db_reset_sequences, django_db_serialized_rollback, django_db_setup, django_db_use_migrations, django_mail_dnsname, django_mail_patch_dns, django_test_environment, django_user_model, django_username_field, doctest_namespace, faker, free_tcp_port, free_tcp_port_factory, free_udp_port, free_udp_port_factory, live_server, mailoutbox, monkeypatch, no_cover, pytestconfig, record_property, record_testsuite_property, record_xml_attribute, recwarn, rf, settings, tmp_path, tmp_path_factory, tmpdir, tmpdir_factory, transactional_db
>       use 'pytest --fixtures [testpath]' for help on them.

C:\Users\Surbhi\Open-source\opentelemetry-ecosystem-explorer\ecosystem-automation\collector-watcher\tests\test_repository_manager.py:233
_ ERROR at setup of TestRepositoryManager.test_setup_repository_with_version __
file C:\Users\Surbhi\Open-source\opentelemetry-ecosystem-explorer\ecosystem-automation\collector-watcher\tests\test_repository_manager.py, line 247
      @patch("watcher_common.repository_manager.subprocess.run")
      def test_setup_repository_with_version(self, mock_run, temp_dir):
E       fixture 'temp_dir' not found
>       available fixtures: _dj_autoclear_mailbox, _django_clear_site_cache, _django_db_helper, _django_db_marker, _django_set_urlconf, _django_setup_unittest, _fail_for_invalid_template_variable, _live_server_helper, _session_faker, _template_string_if_invalid_marker, admin_client, admin_user, anyio_backend, anyio_backend_name, anyio_backend_options, async_client, async_rf, cache, capfd, capfdbinary, caplog, capsys, capsysbinary, client, cov, db, django_assert_max_num_queries, django_assert_num_queries, django_capture_on_commit_callbacks, django_db_blocker, django_db_createdb, django_db_keepdb, django_db_modify_db_settings, django_db_modify_db_settings_parallel_suffix, django_db_modify_db_settings_tox_suffix, django_db_modify_db_settings_xdist_suffix, django_db_reset_sequences, django_db_serialized_rollback, django_db_setup, django_db_use_migrations, django_mail_dnsname, django_mail_patch_dns, django_test_environment, django_user_model, django_username_field, doctest_namespace, faker, free_tcp_port, free_tcp_port_factory, free_udp_port, free_udp_port_factory, live_server, mailoutbox, monkeypatch, no_cover, pytestconfig, record_property, record_testsuite_property, record_xml_attribute, recwarn, rf, settings, tmp_path, tmp_path_factory, tmpdir, tmpdir_factory, transactional_db
>       use 'pytest --fixtures [testpath]' for help on them.

C:\Users\Surbhi\Open-source\opentelemetry-ecosystem-explorer\ecosystem-automation\collector-watcher\tests\test_repository_manager.py:247
_____ ERROR at setup of TestRepositoryManager.test_setup_all_repositories _____
file C:\Users\Surbhi\Open-source\opentelemetry-ecosystem-explorer\ecosystem-automation\collector-watcher\tests\test_repository_manager.py, line 260
      @patch("watcher_common.repository_manager.subprocess.run")
      def test_setup_all_repositories(self, mock_run, temp_dir):
E       fixture 'temp_dir' not found
>       available fixtures: _dj_autoclear_mailbox, _django_clear_site_cache, _django_db_helper, _django_db_marker, _django_set_urlconf, _django_setup_unittest, _fail_for_invalid_template_variable, _live_server_helper, _session_faker, _template_string_if_invalid_marker, admin_client, admin_user, anyio_backend, anyio_backend_name, anyio_backend_options, async_client, async_rf, cache, capfd, capfdbinary, caplog, capsys, capsysbinary, client, cov, db, django_assert_max_num_queries, django_assert_num_queries, django_capture_on_commit_callbacks, django_db_blocker, django_db_createdb, django_db_keepdb, django_db_modify_db_settings, django_db_modify_db_settings_parallel_suffix, django_db_modify_db_settings_tox_suffix, django_db_modify_db_settings_xdist_suffix, django_db_reset_sequences, django_db_serialized_rollback, django_db_setup, django_db_use_migrations, django_mail_dnsname, django_mail_patch_dns, django_test_environment, django_user_model, django_username_field, doctest_namespace, faker, free_tcp_port, free_tcp_port_factory, free_udp_port, free_udp_port_factory, live_server, mailoutbox, monkeypatch, no_cover, pytestconfig, record_property, record_testsuite_property, record_xml_attribute, recwarn, rf, settings, tmp_path, tmp_path_factory, tmpdir, tmpdir_factory, transactional_db
>       use 'pytest --fixtures [testpath]' for help on them.

C:\Users\Surbhi\Open-source\opentelemetry-ecosystem-explorer\ecosystem-automation\collector-watcher\tests\test_repository_manager.py:260
_ ERROR at setup of TestRepositoryManager.test_setup_all_repositories_with_version _
file C:\Users\Surbhi\Open-source\opentelemetry-ecosystem-explorer\ecosystem-automation\collector-watcher\tests\test_repository_manager.py, line 274
      @patch("watcher_common.repository_manager.subprocess.run")
      def test_setup_all_repositories_with_version(self, mock_run, temp_dir):
E       fixture 'temp_dir' not found
>       available fixtures: _dj_autoclear_mailbox, _django_clear_site_cache, _django_db_helper, _django_db_marker, _django_set_urlconf, _django_setup_unittest, _fail_for_invalid_template_variable, _live_server_helper, _session_faker, _template_string_if_invalid_marker, admin_client, admin_user, anyio_backend, anyio_backend_name, anyio_backend_options, async_client, async_rf, cache, capfd, capfdbinary, caplog, capsys, capsysbinary, client, cov, db, django_assert_max_num_queries, django_assert_num_queries, django_capture_on_commit_callbacks, django_db_blocker, django_db_createdb, django_db_keepdb, django_db_modify_db_settings, django_db_modify_db_settings_parallel_suffix, django_db_modify_db_settings_tox_suffix, django_db_modify_db_settings_xdist_suffix, django_db_reset_sequences, django_db_serialized_rollback, django_db_setup, django_db_use_migrations, django_mail_dnsname, django_mail_patch_dns, django_test_environment, django_user_model, django_username_field, doctest_namespace, faker, free_tcp_port, free_tcp_port_factory, free_udp_port, free_udp_port_factory, live_server, mailoutbox, monkeypatch, no_cover, pytestconfig, record_property, record_testsuite_property, record_xml_attribute, recwarn, rf, settings, tmp_path, tmp_path_factory, tmpdir, tmpdir_factory, transactional_db
>       use 'pytest --fixtures [testpath]' for help on them.

C:\Users\Surbhi\Open-source\opentelemetry-ecosystem-explorer\ecosystem-automation\collector-watcher\tests\test_repository_manager.py:274
_ ERROR at setup of TestRepositoryManager.test_setup_repository_creates_base_dir _
file C:\Users\Surbhi\Open-source\opentelemetry-ecosystem-explorer\ecosystem-automation\collector-watcher\tests\test_repository_manager.py, line 288
      def test_setup_repository_creates_base_dir(self, temp_dir):
E       fixture 'temp_dir' not found
>       available fixtures: _dj_autoclear_mailbox, _django_clear_site_cache, _django_db_helper, _django_db_marker, _django_set_urlconf, _django_setup_unittest, _fail_for_invalid_template_variable, _live_server_helper, _session_faker, _template_string_if_invalid_marker, admin_client, admin_user, anyio_backend, anyio_backend_name, anyio_backend_options, async_client, async_rf, cache, capfd, capfdbinary, caplog, capsys, capsysbinary, client, cov, db, django_assert_max_num_queries, django_assert_num_queries, django_capture_on_commit_callbacks, django_db_blocker, django_db_createdb, django_db_keepdb, django_db_modify_db_settings, django_db_modify_db_settings_parallel_suffix, django_db_modify_db_settings_tox_suffix, django_db_modify_db_settings_xdist_suffix, django_db_reset_sequences, django_db_serialized_rollback, django_db_setup, django_db_use_migrations, django_mail_dnsname, django_mail_patch_dns, django_test_environment, django_user_model, django_username_field, doctest_namespace, faker, free_tcp_port, free_tcp_port_factory, free_udp_port, free_udp_port_factory, live_server, mailoutbox, monkeypatch, no_cover, pytestconfig, record_property, record_testsuite_property, record_xml_attribute, recwarn, rf, settings, tmp_path, tmp_path_factory, tmpdir, tmpdir_factory, transactional_db
>       use 'pytest --fixtures [testpath]' for help on them.

C:\Users\Surbhi\Open-source\opentelemetry-ecosystem-explorer\ecosystem-automation\collector-watcher\tests\test_repository_manager.py:288
_________ ERROR at setup of test_store_schema_writes_hash_named_file __________
file C:\Users\Surbhi\Open-source\opentelemetry-ecosystem-explorer\ecosystem-automation\collector-watcher\tests\test_schema_copier.py, line 64
  def test_store_schema_writes_hash_named_file(fake_repo, schemas_dir):
E       fixture 'fake_repo' not found
>       available fixtures: _dj_autoclear_mailbox, _django_clear_site_cache, _django_db_helper, _django_db_marker, _django_set_urlconf, _django_setup_unittest, _fail_for_invalid_template_variable, _live_server_helper, _session_faker, _template_string_if_invalid_marker, admin_client, admin_user, anyio_backend, anyio_backend_name, anyio_backend_options, async_client, async_rf, cache, capfd, capfdbinary, caplog, capsys, capsysbinary, client, cov, db, django_assert_max_num_queries, django_assert_num_queries, django_capture_on_commit_callbacks, django_db_blocker, django_db_createdb, django_db_keepdb, django_db_modify_db_settings, django_db_modify_db_settings_parallel_suffix, django_db_modify_db_settings_tox_suffix, django_db_modify_db_settings_xdist_suffix, django_db_reset_sequences, django_db_serialized_rollback, django_db_setup, django_db_use_migrations, django_mail_dnsname, django_mail_patch_dns, django_test_environment, django_user_model, django_username_field, doctest_namespace, faker, free_tcp_port, free_tcp_port_factory, free_udp_port, free_udp_port_factory, live_server, mailoutbox, monkeypatch, no_cover, pytestconfig, record_property, record_testsuite_property, record_xml_attribute, recwarn, rf, settings, tmp_path, tmp_path_factory, tmpdir, tmpdir_factory, transactional_db
>       use 'pytest --fixtures [testpath]' for help on them.

C:\Users\Surbhi\Open-source\opentelemetry-ecosystem-explorer\ecosystem-automation\collector-watcher\tests\test_schema_copier.py:64
______ ERROR at setup of test_store_schema_returns_hash_matching_content ______
file C:\Users\Surbhi\Open-source\opentelemetry-ecosystem-explorer\ecosystem-automation\collector-watcher\tests\test_schema_copier.py, line 73
  def test_store_schema_returns_hash_matching_content(fake_repo, schemas_dir):
E       fixture 'fake_repo' not found
>       available fixtures: _dj_autoclear_mailbox, _django_clear_site_cache, _django_db_helper, _django_db_marker, _django_set_urlconf, _django_setup_unittest, _fail_for_invalid_template_variable, _live_server_helper, _session_faker, _template_string_if_invalid_marker, admin_client, admin_user, anyio_backend, anyio_backend_name, anyio_backend_options, async_client, async_rf, cache, capfd, capfdbinary, caplog, capsys, capsysbinary, client, cov, db, django_assert_max_num_queries, django_assert_num_queries, django_capture_on_commit_callbacks, django_db_blocker, django_db_createdb, django_db_keepdb, django_db_modify_db_settings, django_db_modify_db_settings_parallel_suffix, django_db_modify_db_settings_tox_suffix, django_db_modify_db_settings_xdist_suffix, django_db_reset_sequences, django_db_serialized_rollback, django_db_setup, django_db_use_migrations, django_mail_dnsname, django_mail_patch_dns, django_test_environment, django_user_model, django_username_field, doctest_namespace, faker, free_tcp_port, free_tcp_port_factory, free_udp_port, free_udp_port_factory, live_server, mailoutbox, monkeypatch, no_cover, pytestconfig, record_property, record_testsuite_property, record_xml_attribute, recwarn, rf, settings, tmp_path, tmp_path_factory, tmpdir, tmpdir_factory, transactional_db
>       use 'pytest --fixtures [testpath]' for help on them.

C:\Users\Surbhi\Open-source\opentelemetry-ecosystem-explorer\ecosystem-automation\collector-watcher\tests\test_schema_copier.py:73
__________ ERROR at setup of test_store_schema_content_is_identical ___________
file C:\Users\Surbhi\Open-source\opentelemetry-ecosystem-explorer\ecosystem-automation\collector-watcher\tests\test_schema_copier.py, line 82
  def test_store_schema_content_is_identical(fake_repo, schemas_dir):
E       fixture 'fake_repo' not found
>       available fixtures: _dj_autoclear_mailbox, _django_clear_site_cache, _django_db_helper, _django_db_marker, _django_set_urlconf, _django_setup_unittest, _fail_for_invalid_template_variable, _live_server_helper, _session_faker, _template_string_if_invalid_marker, admin_client, admin_user, anyio_backend, anyio_backend_name, anyio_backend_options, async_client, async_rf, cache, capfd, capfdbinary, caplog, capsys, capsysbinary, client, cov, db, django_assert_max_num_queries, django_assert_num_queries, django_capture_on_commit_callbacks, django_db_blocker, django_db_createdb, django_db_keepdb, django_db_modify_db_settings, django_db_modify_db_settings_parallel_suffix, django_db_modify_db_settings_tox_suffix, django_db_modify_db_settings_xdist_suffix, django_db_reset_sequences, django_db_serialized_rollback, django_db_setup, django_db_use_migrations, django_mail_dnsname, django_mail_patch_dns, django_test_environment, django_user_model, django_username_field, doctest_namespace, faker, free_tcp_port, free_tcp_port_factory, free_udp_port, free_udp_port_factory, live_server, mailoutbox, monkeypatch, no_cover, pytestconfig, record_property, record_testsuite_property, record_xml_attribute, recwarn, rf, settings, tmp_path, tmp_path_factory, tmpdir, tmpdir_factory, transactional_db
>       use 'pytest --fixtures [testpath]' for help on them.

C:\Users\Surbhi\Open-source\opentelemetry-ecosystem-explorer\ecosystem-automation\collector-watcher\tests\test_schema_copier.py:82
_____ ERROR at setup of test_store_schema_creates_schemas_dir_if_missing ______
file C:\Users\Surbhi\Open-source\opentelemetry-ecosystem-explorer\ecosystem-automation\collector-watcher\tests\test_schema_copier.py, line 91
  def test_store_schema_creates_schemas_dir_if_missing(fake_repo, temp_dir):
E       fixture 'fake_repo' not found
>       available fixtures: _dj_autoclear_mailbox, _django_clear_site_cache, _django_db_helper, _django_db_marker, _django_set_urlconf, _django_setup_unittest, _fail_for_invalid_template_variable, _live_server_helper, _session_faker, _template_string_if_invalid_marker, admin_client, admin_user, anyio_backend, anyio_backend_name, anyio_backend_options, async_client, async_rf, cache, capfd, capfdbinary, caplog, capsys, capsysbinary, client, cov, db, django_assert_max_num_queries, django_assert_num_queries, django_capture_on_commit_callbacks, django_db_blocker, django_db_createdb, django_db_keepdb, django_db_modify_db_settings, django_db_modify_db_settings_parallel_suffix, django_db_modify_db_settings_tox_suffix, django_db_modify_db_settings_xdist_suffix, django_db_reset_sequences, django_db_serialized_rollback, django_db_setup, django_db_use_migrations, django_mail_dnsname, django_mail_patch_dns, django_test_environment, django_user_model, django_username_field, doctest_namespace, faker, free_tcp_port, free_tcp_port_factory, free_udp_port, free_udp_port_factory, live_server, mailoutbox, monkeypatch, no_cover, pytestconfig, record_property, record_testsuite_property, record_xml_attribute, recwarn, rf, settings, tmp_path, tmp_path_factory, tmpdir, tmpdir_factory, transactional_db
>       use 'pytest --fixtures [testpath]' for help on them.

C:\Users\Surbhi\Open-source\opentelemetry-ecosystem-explorer\ecosystem-automation\collector-watcher\tests\test_schema_copier.py:91
_____ ERROR at setup of test_store_schema_returns_none_when_schema_absent _____
file C:\Users\Surbhi\Open-source\opentelemetry-ecosystem-explorer\ecosystem-automation\collector-watcher\tests\test_schema_copier.py, line 102
  def test_store_schema_returns_none_when_schema_absent(fake_repo_no_schema, schemas_dir):
E       fixture 'fake_repo_no_schema' not found
>       available fixtures: _dj_autoclear_mailbox, _django_clear_site_cache, _django_db_helper, _django_db_marker, _django_set_urlconf, _django_setup_unittest, _fail_for_invalid_template_variable, _live_server_helper, _session_faker, _template_string_if_invalid_marker, admin_client, admin_user, anyio_backend, anyio_backend_name, anyio_backend_options, async_client, async_rf, cache, capfd, capfdbinary, caplog, capsys, capsysbinary, client, cov, db, django_assert_max_num_queries, django_assert_num_queries, django_capture_on_commit_callbacks, django_db_blocker, django_db_createdb, django_db_keepdb, django_db_modify_db_settings, django_db_modify_db_settings_parallel_suffix, django_db_modify_db_settings_tox_suffix, django_db_modify_db_settings_xdist_suffix, django_db_reset_sequences, django_db_serialized_rollback, django_db_setup, django_db_use_migrations, django_mail_dnsname, django_mail_patch_dns, django_test_environment, django_user_model, django_username_field, doctest_namespace, faker, free_tcp_port, free_tcp_port_factory, free_udp_port, free_udp_port_factory, live_server, mailoutbox, monkeypatch, no_cover, pytestconfig, record_property, record_testsuite_property, record_xml_attribute, recwarn, rf, settings, tmp_path, tmp_path_factory, tmpdir, tmpdir_factory, transactional_db
>       use 'pytest --fixtures [testpath]' for help on them.

C:\Users\Surbhi\Open-source\opentelemetry-ecosystem-explorer\ecosystem-automation\collector-watcher\tests\test_schema_copier.py:102
______________ ERROR at setup of test_store_schema_is_idempotent ______________
file C:\Users\Surbhi\Open-source\opentelemetry-ecosystem-explorer\ecosystem-automation\collector-watcher\tests\test_schema_copier.py, line 111
  def test_store_schema_is_idempotent(fake_repo, schemas_dir):
E       fixture 'fake_repo' not found
>       available fixtures: _dj_autoclear_mailbox, _django_clear_site_cache, _django_db_helper, _django_db_marker, _django_set_urlconf, _django_setup_unittest, _fail_for_invalid_template_variable, _live_server_helper, _session_faker, _template_string_if_invalid_marker, admin_client, admin_user, anyio_backend, anyio_backend_name, anyio_backend_options, async_client, async_rf, cache, capfd, capfdbinary, caplog, capsys, capsysbinary, client, cov, db, django_assert_max_num_queries, django_assert_num_queries, django_capture_on_commit_callbacks, django_db_blocker, django_db_createdb, django_db_keepdb, django_db_modify_db_settings, django_db_modify_db_settings_parallel_suffix, django_db_modify_db_settings_tox_suffix, django_db_modify_db_settings_xdist_suffix, django_db_reset_sequences, django_db_serialized_rollback, django_db_setup, django_db_use_migrations, django_mail_dnsname, django_mail_patch_dns, django_test_environment, django_user_model, django_username_field, doctest_namespace, faker, free_tcp_port, free_tcp_port_factory, free_udp_port, free_udp_port_factory, live_server, mailoutbox, monkeypatch, no_cover, pytestconfig, record_property, record_testsuite_property, record_xml_attribute, recwarn, rf, settings, tmp_path, tmp_path_factory, tmpdir, tmpdir_factory, transactional_db
>       use 'pytest --fixtures [testpath]' for help on them.

C:\Users\Surbhi\Open-source\opentelemetry-ecosystem-explorer\ecosystem-automation\collector-watcher\tests\test_schema_copier.py:111
____ ERROR at setup of test_store_schema_does_not_overwrite_existing_file _____
file C:\Users\Surbhi\Open-source\opentelemetry-ecosystem-explorer\ecosystem-automation\collector-watcher\tests\test_schema_copier.py, line 122
  def test_store_schema_does_not_overwrite_existing_file(fake_repo, schemas_dir):
E       fixture 'fake_repo' not found
>       available fixtures: _dj_autoclear_mailbox, _django_clear_site_cache, _django_db_helper, _django_db_marker, _django_set_urlconf, _django_setup_unittest, _fail_for_invalid_template_variable, _live_server_helper, _session_faker, _template_string_if_invalid_marker, admin_client, admin_user, anyio_backend, anyio_backend_name, anyio_backend_options, async_client, async_rf, cache, capfd, capfdbinary, caplog, capsys, capsysbinary, client, cov, db, django_assert_max_num_queries, django_assert_num_queries, django_capture_on_commit_callbacks, django_db_blocker, django_db_createdb, django_db_keepdb, django_db_modify_db_settings, django_db_modify_db_settings_parallel_suffix, django_db_modify_db_settings_tox_suffix, django_db_modify_db_settings_xdist_suffix, django_db_reset_sequences, django_db_serialized_rollback, django_db_setup, django_db_use_migrations, django_mail_dnsname, django_mail_patch_dns, django_test_environment, django_user_model, django_username_field, doctest_namespace, faker, free_tcp_port, free_tcp_port_factory, free_udp_port, free_udp_port_factory, live_server, mailoutbox, monkeypatch, no_cover, pytestconfig, record_property, record_testsuite_property, record_xml_attribute, recwarn, rf, settings, tmp_path, tmp_path_factory, tmpdir, tmpdir_factory, transactional_db
>       use 'pytest --fixtures [testpath]' for help on them.

C:\Users\Surbhi\Open-source\opentelemetry-ecosystem-explorer\ecosystem-automation\collector-watcher\tests\test_schema_copier.py:122
_ ERROR at setup of test_store_schema_distinct_contents_produce_distinct_files _
file C:\Users\Surbhi\Open-source\opentelemetry-ecosystem-explorer\ecosystem-automation\collector-watcher\tests\test_schema_copier.py, line 135
  def test_store_schema_distinct_contents_produce_distinct_files(fake_repo, schemas_dir, temp_dir):
E       fixture 'fake_repo' not found
>       available fixtures: _dj_autoclear_mailbox, _django_clear_site_cache, _django_db_helper, _django_db_marker, _django_set_urlconf, _django_setup_unittest, _fail_for_invalid_template_variable, _live_server_helper, _session_faker, _template_string_if_invalid_marker, admin_client, admin_user, anyio_backend, anyio_backend_name, anyio_backend_options, async_client, async_rf, cache, capfd, capfdbinary, caplog, capsys, capsysbinary, client, cov, db, django_assert_max_num_queries, django_assert_num_queries, django_capture_on_commit_callbacks, django_db_blocker, django_db_createdb, django_db_keepdb, django_db_modify_db_settings, django_db_modify_db_settings_parallel_suffix, django_db_modify_db_settings_tox_suffix, django_db_modify_db_settings_xdist_suffix, django_db_reset_sequences, django_db_serialized_rollback, django_db_setup, django_db_use_migrations, django_mail_dnsname, django_mail_patch_dns, django_test_environment, django_user_model, django_username_field, doctest_namespace, faker, free_tcp_port, free_tcp_port_factory, free_udp_port, free_udp_port_factory, live_server, mailoutbox, monkeypatch, no_cover, pytestconfig, record_property, record_testsuite_property, record_xml_attribute, recwarn, rf, settings, tmp_path, tmp_path_factory, tmpdir, tmpdir_factory, transactional_db
>       use 'pytest --fixtures [testpath]' for help on them.

C:\Users\Surbhi\Open-source\opentelemetry-ecosystem-explorer\ecosystem-automation\collector-watcher\tests\test_schema_copier.py:135
_______ ERROR at setup of test_compute_schema_hash_returns_12_char_hex ________
file C:\Users\Surbhi\Open-source\opentelemetry-ecosystem-explorer\ecosystem-automation\collector-watcher\tests\test_schema_copier.py, line 157
  def test_compute_schema_hash_returns_12_char_hex(fake_repo):
E       fixture 'fake_repo' not found
>       available fixtures: _dj_autoclear_mailbox, _django_clear_site_cache, _django_db_helper, _django_db_marker, _django_set_urlconf, _django_setup_unittest, _fail_for_invalid_template_variable, _live_server_helper, _session_faker, _template_string_if_invalid_marker, admin_client, admin_user, anyio_backend, anyio_backend_name, anyio_backend_options, async_client, async_rf, cache, capfd, capfdbinary, caplog, capsys, capsysbinary, client, cov, db, django_assert_max_num_queries, django_assert_num_queries, django_capture_on_commit_callbacks, django_db_blocker, django_db_createdb, django_db_keepdb, django_db_modify_db_settings, django_db_modify_db_settings_parallel_suffix, django_db_modify_db_settings_tox_suffix, django_db_modify_db_settings_xdist_suffix, django_db_reset_sequences, django_db_serialized_rollback, django_db_setup, django_db_use_migrations, django_mail_dnsname, django_mail_patch_dns, django_test_environment, django_user_model, django_username_field, doctest_namespace, faker, free_tcp_port, free_tcp_port_factory, free_udp_port, free_udp_port_factory, live_server, mailoutbox, monkeypatch, no_cover, pytestconfig, record_property, record_testsuite_property, record_xml_attribute, recwarn, rf, settings, tmp_path, tmp_path_factory, tmpdir, tmpdir_factory, transactional_db
>       use 'pytest --fixtures [testpath]' for help on them.

C:\Users\Surbhi\Open-source\opentelemetry-ecosystem-explorer\ecosystem-automation\collector-watcher\tests\test_schema_copier.py:157
__________ ERROR at setup of test_compute_schema_hash_matches_sha256 __________
file C:\Users\Surbhi\Open-source\opentelemetry-ecosystem-explorer\ecosystem-automation\collector-watcher\tests\test_schema_copier.py, line 167
  def test_compute_schema_hash_matches_sha256(fake_repo):
E       fixture 'fake_repo' not found
>       available fixtures: _dj_autoclear_mailbox, _django_clear_site_cache, _django_db_helper, _django_db_marker, _django_set_urlconf, _django_setup_unittest, _fail_for_invalid_template_variable, _live_server_helper, _session_faker, _template_string_if_invalid_marker, admin_client, admin_user, anyio_backend, anyio_backend_name, anyio_backend_options, async_client, async_rf, cache, capfd, capfdbinary, caplog, capsys, capsysbinary, client, cov, db, django_assert_max_num_queries, django_assert_num_queries, django_capture_on_commit_callbacks, django_db_blocker, django_db_createdb, django_db_keepdb, django_db_modify_db_settings, django_db_modify_db_settings_parallel_suffix, django_db_modify_db_settings_tox_suffix, django_db_modify_db_settings_xdist_suffix, django_db_reset_sequences, django_db_serialized_rollback, django_db_setup, django_db_use_migrations, django_mail_dnsname, django_mail_patch_dns, django_test_environment, django_user_model, django_username_field, doctest_namespace, faker, free_tcp_port, free_tcp_port_factory, free_udp_port, free_udp_port_factory, live_server, mailoutbox, monkeypatch, no_cover, pytestconfig, record_property, record_testsuite_property, record_xml_attribute, recwarn, rf, settings, tmp_path, tmp_path_factory, tmpdir, tmpdir_factory, transactional_db
>       use 'pytest --fixtures [testpath]' for help on them.

C:\Users\Surbhi\Open-source\opentelemetry-ecosystem-explorer\ecosystem-automation\collector-watcher\tests\test_schema_copier.py:167
_________ ERROR at setup of test_compute_schema_hash_is_deterministic _________
file C:\Users\Surbhi\Open-source\opentelemetry-ecosystem-explorer\ecosystem-automation\collector-watcher\tests\test_schema_copier.py, line 176
  def test_compute_schema_hash_is_deterministic(fake_repo):
E       fixture 'fake_repo' not found
>       available fixtures: _dj_autoclear_mailbox, _django_clear_site_cache, _django_db_helper, _django_db_marker, _django_set_urlconf, _django_setup_unittest, _fail_for_invalid_template_variable, _live_server_helper, _session_faker, _template_string_if_invalid_marker, admin_client, admin_user, anyio_backend, anyio_backend_name, anyio_backend_options, async_client, async_rf, cache, capfd, capfdbinary, caplog, capsys, capsysbinary, client, cov, db, django_assert_max_num_queries, django_assert_num_queries, django_capture_on_commit_callbacks, django_db_blocker, django_db_createdb, django_db_keepdb, django_db_modify_db_settings, django_db_modify_db_settings_parallel_suffix, django_db_modify_db_settings_tox_suffix, django_db_modify_db_settings_xdist_suffix, django_db_reset_sequences, django_db_serialized_rollback, django_db_setup, django_db_use_migrations, django_mail_dnsname, django_mail_patch_dns, django_test_environment, django_user_model, django_username_field, doctest_namespace, faker, free_tcp_port, free_tcp_port_factory, free_udp_port, free_udp_port_factory, live_server, mailoutbox, monkeypatch, no_cover, pytestconfig, record_property, record_testsuite_property, record_xml_attribute, recwarn, rf, settings, tmp_path, tmp_path_factory, tmpdir, tmpdir_factory, transactional_db
>       use 'pytest --fixtures [testpath]' for help on them.

C:\Users\Surbhi\Open-source\opentelemetry-ecosystem-explorer\ecosystem-automation\collector-watcher\tests\test_schema_copier.py:176
_______ ERROR at setup of test_compute_schema_hash_changes_with_content _______
file C:\Users\Surbhi\Open-source\opentelemetry-ecosystem-explorer\ecosystem-automation\collector-watcher\tests\test_schema_copier.py, line 185
  def test_compute_schema_hash_changes_with_content(fake_repo):
E       fixture 'fake_repo' not found
>       available fixtures: _dj_autoclear_mailbox, _django_clear_site_cache, _django_db_helper, _django_db_marker, _django_set_urlconf, _django_setup_unittest, _fail_for_invalid_template_variable, _live_server_helper, _session_faker, _template_string_if_invalid_marker, admin_client, admin_user, anyio_backend, anyio_backend_name, anyio_backend_options, async_client, async_rf, cache, capfd, capfdbinary, caplog, capsys, capsysbinary, client, cov, db, django_assert_max_num_queries, django_assert_num_queries, django_capture_on_commit_callbacks, django_db_blocker, django_db_createdb, django_db_keepdb, django_db_modify_db_settings, django_db_modify_db_settings_parallel_suffix, django_db_modify_db_settings_tox_suffix, django_db_modify_db_settings_xdist_suffix, django_db_reset_sequences, django_db_serialized_rollback, django_db_setup, django_db_use_migrations, django_mail_dnsname, django_mail_patch_dns, django_test_environment, django_user_model, django_username_field, doctest_namespace, faker, free_tcp_port, free_tcp_port_factory, free_udp_port, free_udp_port_factory, live_server, mailoutbox, monkeypatch, no_cover, pytestconfig, record_property, record_testsuite_property, record_xml_attribute, recwarn, rf, settings, tmp_path, tmp_path_factory, tmpdir, tmpdir_factory, transactional_db
>       use 'pytest --fixtures [testpath]' for help on them.

C:\Users\Surbhi\Open-source\opentelemetry-ecosystem-explorer\ecosystem-automation\collector-watcher\tests\test_schema_copier.py:185
___ ERROR at setup of test_compute_schema_hash_returns_unknown_when_absent ____
file C:\Users\Surbhi\Open-source\opentelemetry-ecosystem-explorer\ecosystem-automation\collector-watcher\tests\test_schema_copier.py, line 196
  def test_compute_schema_hash_returns_unknown_when_absent(temp_dir):
E       fixture 'temp_dir' not found
>       available fixtures: _dj_autoclear_mailbox, _django_clear_site_cache, _django_db_helper, _django_db_marker, _django_set_urlconf, _django_setup_unittest, _fail_for_invalid_template_variable, _live_server_helper, _session_faker, _template_string_if_invalid_marker, admin_client, admin_user, anyio_backend, anyio_backend_name, anyio_backend_options, async_client, async_rf, cache, capfd, capfdbinary, caplog, capsys, capsysbinary, client, cov, db, django_assert_max_num_queries, django_assert_num_queries, django_capture_on_commit_callbacks, django_db_blocker, django_db_createdb, django_db_keepdb, django_db_modify_db_settings, django_db_modify_db_settings_parallel_suffix, django_db_modify_db_settings_tox_suffix, django_db_modify_db_settings_xdist_suffix, django_db_reset_sequences, django_db_serialized_rollback, django_db_setup, django_db_use_migrations, django_mail_dnsname, django_mail_patch_dns, django_test_environment, django_user_model, django_username_field, doctest_namespace, faker, free_tcp_port, free_tcp_port_factory, free_udp_port, free_udp_port_factory, live_server, mailoutbox, monkeypatch, no_cover, pytestconfig, record_property, record_testsuite_property, record_xml_attribute, recwarn, rf, settings, tmp_path, tmp_path_factory, tmpdir, tmpdir_factory, transactional_db
>       use 'pytest --fixtures [testpath]' for help on them.

C:\Users\Surbhi\Open-source\opentelemetry-ecosystem-explorer\ecosystem-automation\collector-watcher\tests\test_schema_copier.py:196
______ ERROR at setup of test_hash_of_stored_file_matches_computed_hash _______
file C:\Users\Surbhi\Open-source\opentelemetry-ecosystem-explorer\ecosystem-automation\collector-watcher\tests\test_schema_copier.py, line 209
  def test_hash_of_stored_file_matches_computed_hash(fake_repo, schemas_dir):
E       fixture 'fake_repo' not found
>       available fixtures: _dj_autoclear_mailbox, _django_clear_site_cache, _django_db_helper, _django_db_marker, _django_set_urlconf, _django_setup_unittest, _fail_for_invalid_template_variable, _live_server_helper, _session_faker, _template_string_if_invalid_marker, admin_client, admin_user, anyio_backend, anyio_backend_name, anyio_backend_options, async_client, async_rf, cache, capfd, capfdbinary, caplog, capsys, capsysbinary, client, cov, db, django_assert_max_num_queries, django_assert_num_queries, django_capture_on_commit_callbacks, django_db_blocker, django_db_createdb, django_db_keepdb, django_db_modify_db_settings, django_db_modify_db_settings_parallel_suffix, django_db_modify_db_settings_tox_suffix, django_db_modify_db_settings_xdist_suffix, django_db_reset_sequences, django_db_serialized_rollback, django_db_setup, django_db_use_migrations, django_mail_dnsname, django_mail_patch_dns, django_test_environment, django_user_model, django_username_field, doctest_namespace, faker, free_tcp_port, free_tcp_port_factory, free_udp_port, free_udp_port_factory, live_server, mailoutbox, monkeypatch, no_cover, pytestconfig, record_property, record_testsuite_property, record_xml_attribute, recwarn, rf, settings, tmp_path, tmp_path_factory, tmpdir, tmpdir_factory, transactional_db
>       use 'pytest --fixtures [testpath]' for help on them.

C:\Users\Surbhi\Open-source\opentelemetry-ecosystem-explorer\ecosystem-automation\collector-watcher\tests\test_schema_copier.py:209
_________ ERROR at setup of TestVersionDetector.test_init_valid_path __________
file C:\Users\Surbhi\Open-source\opentelemetry-ecosystem-explorer\ecosystem-automation\collector-watcher\tests\test_version_detector.py, line 93
      def test_init_valid_path(self, temp_git_repo):
E       fixture 'temp_git_repo' not found
>       available fixtures: _dj_autoclear_mailbox, _django_clear_site_cache, _django_db_helper, _django_db_marker, _django_set_urlconf, _django_setup_unittest, _fail_for_invalid_template_variable, _live_server_helper, _session_faker, _template_string_if_invalid_marker, admin_client, admin_user, anyio_backend, anyio_backend_name, anyio_backend_options, async_client, async_rf, cache, capfd, capfdbinary, caplog, capsys, capsysbinary, client, cov, db, django_assert_max_num_queries, django_assert_num_queries, django_capture_on_commit_callbacks, django_db_blocker, django_db_createdb, django_db_keepdb, django_db_modify_db_settings, django_db_modify_db_settings_parallel_suffix, django_db_modify_db_settings_tox_suffix, django_db_modify_db_settings_xdist_suffix, django_db_reset_sequences, django_db_serialized_rollback, django_db_setup, django_db_use_migrations, django_mail_dnsname, django_mail_patch_dns, django_test_environment, django_user_model, django_username_field, doctest_namespace, faker, free_tcp_port, free_tcp_port_factory, free_udp_port, free_udp_port_factory, live_server, mailoutbox, monkeypatch, no_cover, pytestconfig, record_property, record_testsuite_property, record_xml_attribute, recwarn, rf, settings, tmp_path, tmp_path_factory, tmpdir, tmpdir_factory, transactional_db
>       use 'pytest --fixtures [testpath]' for help on them.

C:\Users\Surbhi\Open-source\opentelemetry-ecosystem-explorer\ecosystem-automation\collector-watcher\tests\test_version_detector.py:93
______ ERROR at setup of TestVersionDetector.test_get_latest_release_tag ______
file C:\Users\Surbhi\Open-source\opentelemetry-ecosystem-explorer\ecosystem-automation\collector-watcher\tests\test_version_detector.py, line 103
      def test_get_latest_release_tag(self, temp_git_repo):
E       fixture 'temp_git_repo' not found
>       available fixtures: _dj_autoclear_mailbox, _django_clear_site_cache, _django_db_helper, _django_db_marker, _django_set_urlconf, _django_setup_unittest, _fail_for_invalid_template_variable, _live_server_helper, _session_faker, _template_string_if_invalid_marker, admin_client, admin_user, anyio_backend, anyio_backend_name, anyio_backend_options, async_client, async_rf, cache, capfd, capfdbinary, caplog, capsys, capsysbinary, client, cov, db, django_assert_max_num_queries, django_assert_num_queries, django_capture_on_commit_callbacks, django_db_blocker, django_db_createdb, django_db_keepdb, django_db_modify_db_settings, django_db_modify_db_settings_parallel_suffix, django_db_modify_db_settings_tox_suffix, django_db_modify_db_settings_xdist_suffix, django_db_reset_sequences, django_db_serialized_rollback, django_db_setup, django_db_use_migrations, django_mail_dnsname, django_mail_patch_dns, django_test_environment, django_user_model, django_username_field, doctest_namespace, faker, free_tcp_port, free_tcp_port_factory, free_udp_port, free_udp_port_factory, live_server, mailoutbox, monkeypatch, no_cover, pytestconfig, record_property, record_testsuite_property, record_xml_attribute, recwarn, rf, settings, tmp_path, tmp_path_factory, tmpdir, tmpdir_factory, transactional_db
>       use 'pytest --fixtures [testpath]' for help on them.

C:\Users\Surbhi\Open-source\opentelemetry-ecosystem-explorer\ecosystem-automation\collector-watcher\tests\test_version_detector.py:103
_ ERROR at setup of TestVersionDetector.test_get_latest_release_tag_empty_repo _
file C:\Users\Surbhi\Open-source\opentelemetry-ecosystem-explorer\ecosystem-automation\collector-watcher\tests\test_version_detector.py, line 110
      def test_get_latest_release_tag_empty_repo(self, empty_git_repo):
E       fixture 'empty_git_repo' not found
>       available fixtures: _dj_autoclear_mailbox, _django_clear_site_cache, _django_db_helper, _django_db_marker, _django_set_urlconf, _django_setup_unittest, _fail_for_invalid_template_variable, _live_server_helper, _session_faker, _template_string_if_invalid_marker, admin_client, admin_user, anyio_backend, anyio_backend_name, anyio_backend_options, async_client, async_rf, cache, capfd, capfdbinary, caplog, capsys, capsysbinary, client, cov, db, django_assert_max_num_queries, django_assert_num_queries, django_capture_on_commit_callbacks, django_db_blocker, django_db_createdb, django_db_keepdb, django_db_modify_db_settings, django_db_modify_db_settings_parallel_suffix, django_db_modify_db_settings_tox_suffix, django_db_modify_db_settings_xdist_suffix, django_db_reset_sequences, django_db_serialized_rollback, django_db_setup, django_db_use_migrations, django_mail_dnsname, django_mail_patch_dns, django_test_environment, django_user_model, django_username_field, doctest_namespace, faker, free_tcp_port, free_tcp_port_factory, free_udp_port, free_udp_port_factory, live_server, mailoutbox, monkeypatch, no_cover, pytestconfig, record_property, record_testsuite_property, record_xml_attribute, recwarn, rf, settings, tmp_path, tmp_path_factory, tmpdir, tmpdir_factory, transactional_db
>       use 'pytest --fixtures [testpath]' for help on them.

C:\Users\Surbhi\Open-source\opentelemetry-ecosystem-explorer\ecosystem-automation\collector-watcher\tests\test_version_detector.py:110
_ ERROR at setup of TestVersionDetector.test_get_latest_release_tag_ignores_snapshots _
file C:\Users\Surbhi\Open-source\opentelemetry-ecosystem-explorer\ecosystem-automation\collector-watcher\tests\test_version_detector.py, line 117
      def test_get_latest_release_tag_ignores_snapshots(self, temp_git_repo):
E       fixture 'temp_git_repo' not found
>       available fixtures: _dj_autoclear_mailbox, _django_clear_site_cache, _django_db_helper, _django_db_marker, _django_set_urlconf, _django_setup_unittest, _fail_for_invalid_template_variable, _live_server_helper, _session_faker, _template_string_if_invalid_marker, admin_client, admin_user, anyio_backend, anyio_backend_name, anyio_backend_options, async_client, async_rf, cache, capfd, capfdbinary, caplog, capsys, capsysbinary, client, cov, db, django_assert_max_num_queries, django_assert_num_queries, django_capture_on_commit_callbacks, django_db_blocker, django_db_createdb, django_db_keepdb, django_db_modify_db_settings, django_db_modify_db_settings_parallel_suffix, django_db_modify_db_settings_tox_suffix, django_db_modify_db_settings_xdist_suffix, django_db_reset_sequences, django_db_serialized_rollback, django_db_setup, django_db_use_migrations, django_mail_dnsname, django_mail_patch_dns, django_test_environment, django_user_model, django_username_field, doctest_namespace, faker, free_tcp_port, free_tcp_port_factory, free_udp_port, free_udp_port_factory, live_server, mailoutbox, monkeypatch, no_cover, pytestconfig, record_property, record_testsuite_property, record_xml_attribute, recwarn, rf, settings, tmp_path, tmp_path_factory, tmpdir, tmpdir_factory, transactional_db
>       use 'pytest --fixtures [testpath]' for help on them.

C:\Users\Surbhi\Open-source\opentelemetry-ecosystem-explorer\ecosystem-automation\collector-watcher\tests\test_version_detector.py:117
_______ ERROR at setup of TestVersionDetector.test_get_all_release_tags _______
file C:\Users\Surbhi\Open-source\opentelemetry-ecosystem-explorer\ecosystem-automation\collector-watcher\tests\test_version_detector.py, line 125
      def test_get_all_release_tags(self, temp_git_repo):
E       fixture 'temp_git_repo' not found
>       available fixtures: _dj_autoclear_mailbox, _django_clear_site_cache, _django_db_helper, _django_db_marker, _django_set_urlconf, _django_setup_unittest, _fail_for_invalid_template_variable, _live_server_helper, _session_faker, _template_string_if_invalid_marker, admin_client, admin_user, anyio_backend, anyio_backend_name, anyio_backend_options, async_client, async_rf, cache, capfd, capfdbinary, caplog, capsys, capsysbinary, client, cov, db, django_assert_max_num_queries, django_assert_num_queries, django_capture_on_commit_callbacks, django_db_blocker, django_db_createdb, django_db_keepdb, django_db_modify_db_settings, django_db_modify_db_settings_parallel_suffix, django_db_modify_db_settings_tox_suffix, django_db_modify_db_settings_xdist_suffix, django_db_reset_sequences, django_db_serialized_rollback, django_db_setup, django_db_use_migrations, django_mail_dnsname, django_mail_patch_dns, django_test_environment, django_user_model, django_username_field, doctest_namespace, faker, free_tcp_port, free_tcp_port_factory, free_udp_port, free_udp_port_factory, live_server, mailoutbox, monkeypatch, no_cover, pytestconfig, record_property, record_testsuite_property, record_xml_attribute, recwarn, rf, settings, tmp_path, tmp_path_factory, tmpdir, tmpdir_factory, transactional_db
>       use 'pytest --fixtures [testpath]' for help on them.

C:\Users\Surbhi\Open-source\opentelemetry-ecosystem-explorer\ecosystem-automation\collector-watcher\tests\test_version_detector.py:125
_ ERROR at setup of TestVersionDetector.test_get_all_release_tags_ignores_snapshots_and_invalid _
file C:\Users\Surbhi\Open-source\opentelemetry-ecosystem-explorer\ecosystem-automation\collector-watcher\tests\test_version_detector.py, line 135
      def test_get_all_release_tags_ignores_snapshots_and_invalid(self, temp_git_repo):
E       fixture 'temp_git_repo' not found
>       available fixtures: _dj_autoclear_mailbox, _django_clear_site_cache, _django_db_helper, _django_db_marker, _django_set_urlconf, _django_setup_unittest, _fail_for_invalid_template_variable, _live_server_helper, _session_faker, _template_string_if_invalid_marker, admin_client, admin_user, anyio_backend, anyio_backend_name, anyio_backend_options, async_client, async_rf, cache, capfd, capfdbinary, caplog, capsys, capsysbinary, client, cov, db, django_assert_max_num_queries, django_assert_num_queries, django_capture_on_commit_callbacks, django_db_blocker, django_db_createdb, django_db_keepdb, django_db_modify_db_settings, django_db_modify_db_settings_parallel_suffix, django_db_modify_db_settings_tox_suffix, django_db_modify_db_settings_xdist_suffix, django_db_reset_sequences, django_db_serialized_rollback, django_db_setup, django_db_use_migrations, django_mail_dnsname, django_mail_patch_dns, django_test_environment, django_user_model, django_username_field, doctest_namespace, faker, free_tcp_port, free_tcp_port_factory, free_udp_port, free_udp_port_factory, live_server, mailoutbox, monkeypatch, no_cover, pytestconfig, record_property, record_testsuite_property, record_xml_attribute, recwarn, rf, settings, tmp_path, tmp_path_factory, tmpdir, tmpdir_factory, transactional_db
>       use 'pytest --fixtures [testpath]' for help on them.

C:\Users\Surbhi\Open-source\opentelemetry-ecosystem-explorer\ecosystem-automation\collector-watcher\tests\test_version_detector.py:135
_________ ERROR at setup of TestVersionDetector.test_checkout_version _________
file C:\Users\Surbhi\Open-source\opentelemetry-ecosystem-explorer\ecosystem-automation\collector-watcher\tests\test_version_detector.py, line 145
      def test_checkout_version(self, temp_git_repo):
E       fixture 'temp_git_repo' not found
>       available fixtures: _dj_autoclear_mailbox, _django_clear_site_cache, _django_db_helper, _django_db_marker, _django_set_urlconf, _django_setup_unittest, _fail_for_invalid_template_variable, _live_server_helper, _session_faker, _template_string_if_invalid_marker, admin_client, admin_user, anyio_backend, anyio_backend_name, anyio_backend_options, async_client, async_rf, cache, capfd, capfdbinary, caplog, capsys, capsysbinary, client, cov, db, django_assert_max_num_queries, django_assert_num_queries, django_capture_on_commit_callbacks, django_db_blocker, django_db_createdb, django_db_keepdb, django_db_modify_db_settings, django_db_modify_db_settings_parallel_suffix, django_db_modify_db_settings_tox_suffix, django_db_modify_db_settings_xdist_suffix, django_db_reset_sequences, django_db_serialized_rollback, django_db_setup, django_db_use_migrations, django_mail_dnsname, django_mail_patch_dns, django_test_environment, django_user_model, django_username_field, doctest_namespace, faker, free_tcp_port, free_tcp_port_factory, free_udp_port, free_udp_port_factory, live_server, mailoutbox, monkeypatch, no_cover, pytestconfig, record_property, record_testsuite_property, record_xml_attribute, recwarn, rf, settings, tmp_path, tmp_path_factory, tmpdir, tmpdir_factory, transactional_db
>       use 'pytest --fixtures [testpath]' for help on them.

C:\Users\Surbhi\Open-source\opentelemetry-ecosystem-explorer\ecosystem-automation\collector-watcher\tests\test_version_detector.py:145
_____ ERROR at setup of TestVersionDetector.test_checkout_version_invalid _____
file C:\Users\Surbhi\Open-source\opentelemetry-ecosystem-explorer\ecosystem-automation\collector-watcher\tests\test_version_detector.py, line 154
      def test_checkout_version_invalid(self, temp_git_repo):
E       fixture 'temp_git_repo' not found
>       available fixtures: _dj_autoclear_mailbox, _django_clear_site_cache, _django_db_helper, _django_db_marker, _django_set_urlconf, _django_setup_unittest, _fail_for_invalid_template_variable, _live_server_helper, _session_faker, _template_string_if_invalid_marker, admin_client, admin_user, anyio_backend, anyio_backend_name, anyio_backend_options, async_client, async_rf, cache, capfd, capfdbinary, caplog, capsys, capsysbinary, client, cov, db, django_assert_max_num_queries, django_assert_num_queries, django_capture_on_commit_callbacks, django_db_blocker, django_db_createdb, django_db_keepdb, django_db_modify_db_settings, django_db_modify_db_settings_parallel_suffix, django_db_modify_db_settings_tox_suffix, django_db_modify_db_settings_xdist_suffix, django_db_reset_sequences, django_db_serialized_rollback, django_db_setup, django_db_use_migrations, django_mail_dnsname, django_mail_patch_dns, django_test_environment, django_user_model, django_username_field, doctest_namespace, faker, free_tcp_port, free_tcp_port_factory, free_udp_port, free_udp_port_factory, live_server, mailoutbox, monkeypatch, no_cover, pytestconfig, record_property, record_testsuite_property, record_xml_attribute, recwarn, rf, settings, tmp_path, tmp_path_factory, tmpdir, tmpdir_factory, transactional_db
>       use 'pytest --fixtures [testpath]' for help on them.

C:\Users\Surbhi\Open-source\opentelemetry-ecosystem-explorer\ecosystem-automation\collector-watcher\tests\test_version_detector.py:154
__________ ERROR at setup of TestVersionDetector.test_checkout_main ___________
file C:\Users\Surbhi\Open-source\opentelemetry-ecosystem-explorer\ecosystem-automation\collector-watcher\tests\test_version_detector.py, line 161
      def test_checkout_main(self, temp_git_repo):
E       fixture 'temp_git_repo' not found
>       available fixtures: _dj_autoclear_mailbox, _django_clear_site_cache, _django_db_helper, _django_db_marker, _django_set_urlconf, _django_setup_unittest, _fail_for_invalid_template_variable, _live_server_helper, _session_faker, _template_string_if_invalid_marker, admin_client, admin_user, anyio_backend, anyio_backend_name, anyio_backend_options, async_client, async_rf, cache, capfd, capfdbinary, caplog, capsys, capsysbinary, client, cov, db, django_assert_max_num_queries, django_assert_num_queries, django_capture_on_commit_callbacks, django_db_blocker, django_db_createdb, django_db_keepdb, django_db_modify_db_settings, django_db_modify_db_settings_parallel_suffix, django_db_modify_db_settings_tox_suffix, django_db_modify_db_settings_xdist_suffix, django_db_reset_sequences, django_db_serialized_rollback, django_db_setup, django_db_use_migrations, django_mail_dnsname, django_mail_patch_dns, django_test_environment, django_user_model, django_username_field, doctest_namespace, faker, free_tcp_port, free_tcp_port_factory, free_udp_port, free_udp_port_factory, live_server, mailoutbox, monkeypatch, no_cover, pytestconfig, record_property, record_testsuite_property, record_xml_attribute, recwarn, rf, settings, tmp_path, tmp_path_factory, tmpdir, tmpdir_factory, transactional_db
>       use 'pytest --fixtures [testpath]' for help on them.

C:\Users\Surbhi\Open-source\opentelemetry-ecosystem-explorer\ecosystem-automation\collector-watcher\tests\test_version_detector.py:161
_ ERROR at setup of TestVersionDetector.test_determine_next_snapshot_version __
file C:\Users\Surbhi\Open-source\opentelemetry-ecosystem-explorer\ecosystem-automation\collector-watcher\tests\test_version_detector.py, line 173
      def test_determine_next_snapshot_version(self, temp_git_repo):
E       fixture 'temp_git_repo' not found
>       available fixtures: _dj_autoclear_mailbox, _django_clear_site_cache, _django_db_helper, _django_db_marker, _django_set_urlconf, _django_setup_unittest, _fail_for_invalid_template_variable, _live_server_helper, _session_faker, _template_string_if_invalid_marker, admin_client, admin_user, anyio_backend, anyio_backend_name, anyio_backend_options, async_client, async_rf, cache, capfd, capfdbinary, caplog, capsys, capsysbinary, client, cov, db, django_assert_max_num_queries, django_assert_num_queries, django_capture_on_commit_callbacks, django_db_blocker, django_db_createdb, django_db_keepdb, django_db_modify_db_settings, django_db_modify_db_settings_parallel_suffix, django_db_modify_db_settings_tox_suffix, django_db_modify_db_settings_xdist_suffix, django_db_reset_sequences, django_db_serialized_rollback, django_db_setup, django_db_use_migrations, django_mail_dnsname, django_mail_patch_dns, django_test_environment, django_user_model, django_username_field, doctest_namespace, faker, free_tcp_port, free_tcp_port_factory, free_udp_port, free_udp_port_factory, live_server, mailoutbox, monkeypatch, no_cover, pytestconfig, record_property, record_testsuite_property, record_xml_attribute, recwarn, rf, settings, tmp_path, tmp_path_factory, tmpdir, tmpdir_factory, transactional_db
>       use 'pytest --fixtures [testpath]' for help on them.

C:\Users\Surbhi\Open-source\opentelemetry-ecosystem-explorer\ecosystem-automation\collector-watcher\tests\test_version_detector.py:173
_ ERROR at setup of TestVersionDetector.test_determine_next_snapshot_version_empty_repo _
file C:\Users\Surbhi\Open-source\opentelemetry-ecosystem-explorer\ecosystem-automation\collector-watcher\tests\test_version_detector.py, line 183
      def test_determine_next_snapshot_version_empty_repo(self, empty_git_repo):
E       fixture 'empty_git_repo' not found
>       available fixtures: _dj_autoclear_mailbox, _django_clear_site_cache, _django_db_helper, _django_db_marker, _django_set_urlconf, _django_setup_unittest, _fail_for_invalid_template_variable, _live_server_helper, _session_faker, _template_string_if_invalid_marker, admin_client, admin_user, anyio_backend, anyio_backend_name, anyio_backend_options, async_client, async_rf, cache, capfd, capfdbinary, caplog, capsys, capsysbinary, client, cov, db, django_assert_max_num_queries, django_assert_num_queries, django_capture_on_commit_callbacks, django_db_blocker, django_db_createdb, django_db_keepdb, django_db_modify_db_settings, django_db_modify_db_settings_parallel_suffix, django_db_modify_db_settings_tox_suffix, django_db_modify_db_settings_xdist_suffix, django_db_reset_sequences, django_db_serialized_rollback, django_db_setup, django_db_use_migrations, django_mail_dnsname, django_mail_patch_dns, django_test_environment, django_user_model, django_username_field, doctest_namespace, faker, free_tcp_port, free_tcp_port_factory, free_udp_port, free_udp_port_factory, live_server, mailoutbox, monkeypatch, no_cover, pytestconfig, record_property, record_testsuite_property, record_xml_attribute, recwarn, rf, settings, tmp_path, tmp_path_factory, tmpdir, tmpdir_factory, transactional_db
>       use 'pytest --fixtures [testpath]' for help on them.

C:\Users\Surbhi\Open-source\opentelemetry-ecosystem-explorer\ecosystem-automation\collector-watcher\tests\test_version_detector.py:183
=========================== short test summary info ===========================
ERROR ecosystem-automation/configuration-watcher/tests/test_inventory.py::test_save_versioned_inventory
ERROR ecosystem-automation/configuration-watcher/tests/test_inventory.py::test_save_versioned_inventory_includes_schema_hash
ERROR ecosystem-automation/configuration-watcher/tests/test_inventory.py::test_save_versioned_inventory_default_schema_hash
ERROR ecosystem-automation/configuration-watcher/tests/test_inventory.py::test_load_versioned_inventory
ERROR ecosystem-automation/configuration-watcher/tests/test_inventory.py::test_load_versioned_inventory_backward_compat_missing_schema_hash
ERROR ecosystem-automation/configuration-watcher/tests/test_inventory.py::test_load_nonexistent_versioned_inventory
ERROR ecosystem-automation/configuration-watcher/tests/test_inventory.py::test_meta_schemas_dir_helper
ERROR ecosystem-automation/configuration-watcher/tests/test_inventory.py::test_prune_orphan_schemas_removes_unreferenced_files
ERROR ecosystem-automation/configuration-watcher/tests/test_inventory.py::test_prune_orphan_schemas_noop_when_meta_dir_absent
ERROR ecosystem-automation/configuration-watcher/tests/test_inventory.py::test_prune_orphan_schemas_treats_unknown_as_unreferenced
ERROR ecosystem-automation/configuration-watcher/tests/test_inventory.py::test_delete_version_prunes_orphan_schemas
ERROR ecosystem-automation/configuration-watcher/tests/test_inventory.py::test_cleanup_snapshots_prunes_orphan_schemas
ERROR ecosystem-automation/configuration-watcher/tests/test_inventory.py::test_list_versions
ERROR ecosystem-automation/configuration-watcher/tests/test_inventory.py::test_list_snapshot_versions
ERROR ecosystem-automation/configuration-watcher/tests/test_inventory.py::test_list_release_versions
ERROR ecosystem-automation/configuration-watcher/tests/test_inventory.py::test_cleanup_snapshots
ERROR ecosystem-automation/configuration-watcher/tests/test_inventory.py::test_version_exists
ERROR ecosystem-automation/configuration-watcher/tests/test_inventory.py::test_versioned_inventory_separate_distributions_stored_separately
ERROR ecosystem-automation/configuration-watcher/tests/test_inventory.py::test_load_deprecations_nonexistent
ERROR ecosystem-automation/configuration-watcher/tests/test_inventory.py::test_save_and_load_deprecations
ERROR ecosystem-automation/configuration-watcher/tests/test_inventory.py::test_add_deprecated_components
ERROR ecosystem-automation/configuration-watcher/tests/test_inventory.py::test_add_deprecated_components_avoid_duplicates
ERROR ecosystem-automation/configuration-watcher/tests/test_inventory.py::test_add_deprecated_components_multiple_distributions
ERROR ecosystem-automation/configuration-watcher/tests/test_repository_manager.py::TestRepositoryManager::test_init_custom_base_dir
ERROR ecosystem-automation/configuration-watcher/tests/test_repository_manager.py::TestRepositoryManager::test_get_repository_path_from_env_var
ERROR ecosystem-automation/configuration-watcher/tests/test_repository_manager.py::TestRepositoryManager::test_clone_repository
ERROR ecosystem-automation/configuration-watcher/tests/test_repository_manager.py::TestRepositoryManager::test_clone_repository_failure_raises_runtime_error
ERROR ecosystem-automation/configuration-watcher/tests/test_repository_manager.py::TestRepositoryManager::test_pull_latest
ERROR ecosystem-automation/configuration-watcher/tests/test_repository_manager.py::TestRepositoryManager::test_pull_latest_failure_raises_runtime_error
ERROR ecosystem-automation/configuration-watcher/tests/test_repository_manager.py::TestRepositoryManager::test_checkout_specified_version
ERROR ecosystem-automation/configuration-watcher/tests/test_repository_manager.py::TestRepositoryManager::test_checkout_version_failure_raises_runtime_error
ERROR ecosystem-automation/configuration-watcher/tests/test_repository_manager.py::TestRepositoryManager::test_setup_repository_with_env_var_when_present
ERROR ecosystem-automation/configuration-watcher/tests/test_repository_manager.py::TestRepositoryManager::test_setup_repository_with_env_var_and_version
ERROR ecosystem-automation/configuration-watcher/tests/test_repository_manager.py::TestRepositoryManager::test_setup_repository_clones_when_not_exists
ERROR ecosystem-automation/configuration-watcher/tests/test_repository_manager.py::TestRepositoryManager::test_setup_repository_pulls_when_exists
ERROR ecosystem-automation/configuration-watcher/tests/test_repository_manager.py::TestRepositoryManager::test_setup_repository_no_update_when_exists
ERROR ecosystem-automation/configuration-watcher/tests/test_repository_manager.py::TestRepositoryManager::test_setup_repository_with_version
ERROR ecosystem-automation/configuration-watcher/tests/test_repository_manager.py::TestRepositoryManager::test_setup_all_repositories
ERROR ecosystem-automation/configuration-watcher/tests/test_repository_manager.py::TestRepositoryManager::test_setup_all_repositories_with_version
ERROR ecosystem-automation/configuration-watcher/tests/test_repository_manager.py::TestRepositoryManager::test_setup_repository_creates_base_dir
ERROR ecosystem-automation/configuration-watcher/tests/test_schema_copier.py::test_store_schema_writes_hash_named_file
ERROR ecosystem-automation/configuration-watcher/tests/test_schema_copier.py::test_store_schema_returns_hash_matching_content
ERROR ecosystem-automation/configuration-watcher/tests/test_schema_copier.py::test_store_schema_content_is_identical
ERROR ecosystem-automation/configuration-watcher/tests/test_schema_copier.py::test_store_schema_creates_schemas_dir_if_missing
ERROR ecosystem-automation/configuration-watcher/tests/test_schema_copier.py::test_store_schema_returns_none_when_schema_absent
ERROR ecosystem-automation/configuration-watcher/tests/test_schema_copier.py::test_store_schema_is_idempotent
ERROR ecosystem-automation/configuration-watcher/tests/test_schema_copier.py::test_store_schema_does_not_overwrite_existing_file
ERROR ecosystem-automation/configuration-watcher/tests/test_schema_copier.py::test_store_schema_distinct_contents_produce_distinct_files
ERROR ecosystem-automation/configuration-watcher/tests/test_schema_copier.py::test_compute_schema_hash_returns_12_char_hex
ERROR ecosystem-automation/configuration-watcher/tests/test_schema_copier.py::test_compute_schema_hash_matches_sha256
ERROR ecosystem-automation/configuration-watcher/tests/test_schema_copier.py::test_compute_schema_hash_is_deterministic
ERROR ecosystem-automation/configuration-watcher/tests/test_schema_copier.py::test_compute_schema_hash_changes_with_content
ERROR ecosystem-automation/configuration-watcher/tests/test_schema_copier.py::test_compute_schema_hash_returns_unknown_when_absent
ERROR ecosystem-automation/configuration-watcher/tests/test_schema_copier.py::test_hash_of_stored_file_matches_computed_hash
ERROR ecosystem-automation/configuration-watcher/tests/test_version_detector.py::TestVersionDetector::test_init_valid_path
ERROR ecosystem-automation/configuration-watcher/tests/test_version_detector.py::TestVersionDetector::test_get_latest_release_tag
ERROR ecosystem-automation/configuration-watcher/tests/test_version_detector.py::TestVersionDetector::test_get_latest_release_tag_empty_repo
ERROR ecosystem-automation/configuration-watcher/tests/test_version_detector.py::TestVersionDetector::test_get_latest_release_tag_ignores_snapshots
ERROR ecosystem-automation/configuration-watcher/tests/test_version_detector.py::TestVersionDetector::test_get_all_release_tags
ERROR ecosystem-automation/configuration-watcher/tests/test_version_detector.py::TestVersionDetector::test_get_all_release_tags_ignores_snapshots_and_invalid
ERROR ecosystem-automation/configuration-watcher/tests/test_version_detector.py::TestVersionDetector::test_checkout_version
ERROR ecosystem-automation/configuration-watcher/tests/test_version_detector.py::TestVersionDetector::test_checkout_version_invalid
ERROR ecosystem-automation/configuration-watcher/tests/test_version_detector.py::TestVersionDetector::test_checkout_main
ERROR ecosystem-automation/configuration-watcher/tests/test_version_detector.py::TestVersionDetector::test_determine_next_snapshot_version
ERROR ecosystem-automation/configuration-watcher/tests/test_version_detector.py::TestVersionDetector::test_determine_next_snapshot_version_empty_repo
================= 495 passed, 65 errors in 114.02s (0:01:54) ==================
